Archive member included because of file (symbol)

c:/winavr-20100110/bin/../lib/gcc/avr/4.3.3/avr5\libgcc.a(_mulsi3.o)
                              ./main.o (__mulsi3)
c:/winavr-20100110/bin/../lib/gcc/avr/4.3.3/avr5\libgcc.a(_udivmodqi4.o)
                              ./LCD.o (__udivmodqi4)
c:/winavr-20100110/bin/../lib/gcc/avr/4.3.3/avr5\libgcc.a(_udivmodhi4.o)
                              ./Hopper.o (__udivmodhi4)
c:/winavr-20100110/bin/../lib/gcc/avr/4.3.3/avr5\libgcc.a(_udivmodsi4.o)
                              ./main.o (__udivmodsi4)
c:/winavr-20100110/bin/../lib/gcc/avr/4.3.3/avr5\libgcc.a(_exit.o)
                              c:/winavr-20100110/bin/../lib/gcc/avr/4.3.3/../../../../avr/lib/avr5/crtm328.o (exit)
c:/winavr-20100110/bin/../lib/gcc/avr/4.3.3/avr5\libgcc.a(_clear_bss.o)
                              ./BillAcceptor.o (__do_clear_bss)
c:/winavr-20100110/bin/../lib/gcc/avr/4.3.3/avr5\libgcc.a(_fixunssfsi.o)
                              ./main.o (__fixunssfsi)
c:/winavr-20100110/bin/../lib/gcc/avr/4.3.3/avr5\libgcc.a(_addsub_sf.o)
                              c:/winavr-20100110/bin/../lib/gcc/avr/4.3.3/avr5\libgcc.a(_fixunssfsi.o) (__subsf3)
c:/winavr-20100110/bin/../lib/gcc/avr/4.3.3/avr5\libgcc.a(_mul_sf.o)
                              ./main.o (__mulsf3)
c:/winavr-20100110/bin/../lib/gcc/avr/4.3.3/avr5\libgcc.a(_gt_sf.o)
                              ./main.o (__gtsf2)
c:/winavr-20100110/bin/../lib/gcc/avr/4.3.3/avr5\libgcc.a(_ge_sf.o)
                              c:/winavr-20100110/bin/../lib/gcc/avr/4.3.3/avr5\libgcc.a(_fixunssfsi.o) (__gesf2)
c:/winavr-20100110/bin/../lib/gcc/avr/4.3.3/avr5\libgcc.a(_lt_sf.o)
                              ./main.o (__ltsf2)
c:/winavr-20100110/bin/../lib/gcc/avr/4.3.3/avr5\libgcc.a(_sf_to_si.o)
                              c:/winavr-20100110/bin/../lib/gcc/avr/4.3.3/avr5\libgcc.a(_fixunssfsi.o) (__fixsfsi)
c:/winavr-20100110/bin/../lib/gcc/avr/4.3.3/avr5\libgcc.a(_thenan_sf.o)
                              c:/winavr-20100110/bin/../lib/gcc/avr/4.3.3/avr5\libgcc.a(_addsub_sf.o) (__thenan_sf)
c:/winavr-20100110/bin/../lib/gcc/avr/4.3.3/avr5\libgcc.a(_usi_to_sf.o)
                              ./main.o (__floatunsisf)
c:/winavr-20100110/bin/../lib/gcc/avr/4.3.3/avr5\libgcc.a(_prologue.o)
                              c:/winavr-20100110/bin/../lib/gcc/avr/4.3.3/avr5\libgcc.a(_addsub_sf.o) (__prologue_saves__)
c:/winavr-20100110/bin/../lib/gcc/avr/4.3.3/avr5\libgcc.a(_epilogue.o)
                              c:/winavr-20100110/bin/../lib/gcc/avr/4.3.3/avr5\libgcc.a(_addsub_sf.o) (__epilogue_restores__)
c:/winavr-20100110/bin/../lib/gcc/avr/4.3.3/avr5\libgcc.a(_copy_data.o)
                              c:/winavr-20100110/bin/../lib/gcc/avr/4.3.3/avr5\libgcc.a(_thenan_sf.o) (__do_copy_data)
c:/winavr-20100110/bin/../lib/gcc/avr/4.3.3/avr5\libgcc.a(_clzsi2.o)
                              c:/winavr-20100110/bin/../lib/gcc/avr/4.3.3/avr5\libgcc.a(_usi_to_sf.o) (__clzsi2)
c:/winavr-20100110/bin/../lib/gcc/avr/4.3.3/avr5\libgcc.a(_pack_sf.o)
                              c:/winavr-20100110/bin/../lib/gcc/avr/4.3.3/avr5\libgcc.a(_addsub_sf.o) (__pack_f)
c:/winavr-20100110/bin/../lib/gcc/avr/4.3.3/avr5\libgcc.a(_unpack_sf.o)
                              c:/winavr-20100110/bin/../lib/gcc/avr/4.3.3/avr5\libgcc.a(_addsub_sf.o) (__unpack_f)
c:/winavr-20100110/bin/../lib/gcc/avr/4.3.3/avr5\libgcc.a(_fpcmp_parts_sf.o)
                              c:/winavr-20100110/bin/../lib/gcc/avr/4.3.3/avr5\libgcc.a(_gt_sf.o) (__fpcmp_parts_f)
c:/winavr-20100110/bin/../lib/gcc/avr/4.3.3/avr5\libgcc.a(_clz.o)
                              c:/winavr-20100110/bin/../lib/gcc/avr/4.3.3/avr5\libgcc.a(_clzsi2.o) (__clz_tab)
c:/winavr-20100110/bin/../lib/gcc/avr/4.3.3/../../../../avr/lib/avr5\libc.a(utoa.o)
                              ./LCD.o (utoa)
c:/winavr-20100110/bin/../lib/gcc/avr/4.3.3/../../../../avr/lib/avr5\libc.a(eerd_byte_atmega328.o)
                              ./main.o (__eerd_byte_m328)
c:/winavr-20100110/bin/../lib/gcc/avr/4.3.3/../../../../avr/lib/avr5\libc.a(eerd_word_atmega328.o)
                              ./main.o (__eerd_word_m328)
c:/winavr-20100110/bin/../lib/gcc/avr/4.3.3/../../../../avr/lib/avr5\libc.a(eewr_byte_atmega328.o)
                              ./main.o (__eewr_byte_m328)
c:/winavr-20100110/bin/../lib/gcc/avr/4.3.3/../../../../avr/lib/avr5\libc.a(eewr_word_atmega328.o)
                              ./main.o (__eewr_word_m328)
c:/winavr-20100110/bin/../lib/gcc/avr/4.3.3/../../../../avr/lib/avr5\libc.a(strrev.o)
                              c:/winavr-20100110/bin/../lib/gcc/avr/4.3.3/../../../../avr/lib/avr5\libc.a(utoa.o) (strrev)
c:/winavr-20100110/bin/../lib/gcc/avr/4.3.3/../../../../avr/lib/avr5\libc.a(eerd_block_atmega328.o)
                              c:/winavr-20100110/bin/../lib/gcc/avr/4.3.3/../../../../avr/lib/avr5\libc.a(eerd_word_atmega328.o) (__eerd_blraw_m328)

Allocating common symbols
Common symbol       size              file

FL_Button_3         0x1               ./BillAcceptor.o
FL_Adminh           0x1               ./BillAcceptor.o
licznik_error       0x2               ./BillAcceptor.o
Stan_Hopper         0x1               ./BillAcceptor.o
Hopper_One_Opto     0x1               ./BillAcceptor.o
FL_Serwish          0x1               ./BillAcceptor.o
FL_Restart          0x1               ./BillAcceptor.o
tmp_money_koszt     0x1               ./BillAcceptor.o
tmp_money_Brak      0x1               ./BillAcceptor.o
FL_WPBlock          0x1               ./BillAcceptor.o
Money_In_Automat    0x2               ./BillAcceptor.o
FL_Cena_UP          0x1               ./BillAcceptor.o
Last_Transaction_Atmega
                    0x2               ./BillAcceptor.o
LSBrakuje           0x1               ./BillAcceptor.o
SterWhile           0x1               ./BillAcceptor.o
BillEvent           0x1               ./BillAcceptor.o
Hopper_Three_Opto   0x1               ./BillAcceptor.o
Last_Money_In       0x2               ./BillAcceptor.o
Door_Two            0x1               ./BillAcceptor.o
FL_ERROR            0x1               ./BillAcceptor.o
LSWprowadzono       0x1               ./BillAcceptor.o
Tmp_time_while      0x2               ./BillAcceptor.o
Money_5zl_Atmega    0x2               ./BillAcceptor.o
FL_Dead_Comm        0x1               ./BillAcceptor.o
FL_Button_2         0x1               ./BillAcceptor.o
Time_out_Money      0x1               ./BillAcceptor.o
FL_Key_Three        0x1               ./BillAcceptor.o
FL_KEY_SWITCH       0x1               ./BillAcceptor.o
tmp_money_In        0x1               ./BillAcceptor.o
Money_OUT_Liczniki  0x2               ./BillAcceptor.o
Money_1zl_Atmega    0x2               ./BillAcceptor.o
First_Run_Atmega    0x1               ./BillAcceptor.o
Expense_Atmega      0x1               ./BillAcceptor.o
Door_One            0x1               ./BillAcceptor.o
Money_50gr_Atmega   0x2               ./BillAcceptor.o
Door_Three          0x1               ./BillAcceptor.o
Inhibit_Coin        0x1               ./BillAcceptor.o
PSWprowadzono       0x1               ./BillAcceptor.o
FL_Button_1         0x1               ./BillAcceptor.o
PSBrakuje           0x1               ./BillAcceptor.o
Hopper_Two_Opto     0x1               ./BillAcceptor.o
First_Run           0x1               ./BillAcceptor.o
FL_Blocked          0x1               ./BillAcceptor.o
CoinEvent           0x1               ./BillAcceptor.o
time_door           0x1               ./BillAcceptor.o
FL_Key_One          0x1               ./BillAcceptor.o
Seed_RNG            0x4               ./BillAcceptor.o
FL_Key_Two          0x1               ./BillAcceptor.o
Time_Disp           0x1               ./BillAcceptor.o
Tmp_Time_Door       0x1               ./BillAcceptor.o
Money_IN_Liczniki   0x2               ./BillAcceptor.o

Memory Configuration

Name             Origin             Length             Attributes
text             0x00000000         0x00020000         xr
data             0x00800060         0x0000ffa0         rw !x
eeprom           0x00810000         0x00010000         rw !x
fuse             0x00820000         0x00000400         rw !x
lock             0x00830000         0x00000400         rw !x
signature        0x00840000         0x00000400         rw !x
*default*        0x00000000         0xffffffff

Linker script and memory map

Address of section .data set to 0x800100
LOAD c:/winavr-20100110/bin/../lib/gcc/avr/4.3.3/../../../../avr/lib/avr5/crtm328.o
LOAD ./BillAcceptor.o
LOAD ./CoinAcceptor.o
LOAD ./HD44780.o
LOAD ./Hopper.o
LOAD ./IO_Button.o
LOAD ./IO_Combo.o
LOAD ./LCD.o
LOAD ./main.o
LOAD c:/winavr-20100110/bin/../lib/gcc/avr/4.3.3/avr5\libgcc.a
LOAD c:/winavr-20100110/bin/../lib/gcc/avr/4.3.3/../../../../avr/lib/avr5\libc.a
LOAD c:/winavr-20100110/bin/../lib/gcc/avr/4.3.3/avr5\libgcc.a

.hash
 *(.hash)

.dynsym
 *(.dynsym)

.dynstr
 *(.dynstr)

.gnu.version
 *(.gnu.version)

.gnu.version_d
 *(.gnu.version_d)

.gnu.version_r
 *(.gnu.version_r)

.rel.init
 *(.rel.init)

.rela.init
 *(.rela.init)

.rel.text
 *(.rel.text)
 *(.rel.text.*)
 *(.rel.gnu.linkonce.t*)

.rela.text
 *(.rela.text)
 *(.rela.text.*)
 *(.rela.gnu.linkonce.t*)

.rel.fini
 *(.rel.fini)

.rela.fini
 *(.rela.fini)

.rel.rodata
 *(.rel.rodata)
 *(.rel.rodata.*)
 *(.rel.gnu.linkonce.r*)

.rela.rodata
 *(.rela.rodata)
 *(.rela.rodata.*)
 *(.rela.gnu.linkonce.r*)

.rel.data
 *(.rel.data)
 *(.rel.data.*)
 *(.rel.gnu.linkonce.d*)

.rela.data
 *(.rela.data)
 *(.rela.data.*)
 *(.rela.gnu.linkonce.d*)

.rel.ctors
 *(.rel.ctors)

.rela.ctors
 *(.rela.ctors)

.rel.dtors
 *(.rel.dtors)

.rela.dtors
 *(.rela.dtors)

.rel.got
 *(.rel.got)

.rela.got
 *(.rela.got)

.rel.bss
 *(.rel.bss)

.rela.bss
 *(.rela.bss)

.rel.plt
 *(.rel.plt)

.rela.plt
 *(.rela.plt)

.text           0x00000000     0x51b2
 *(.vectors)
 .vectors       0x00000000       0x68 c:/winavr-20100110/bin/../lib/gcc/avr/4.3.3/../../../../avr/lib/avr5/crtm328.o
                0x00000000                __vectors
                0x00000000                __vector_default
 *(.vectors)
 *(.progmem.gcc*)
 *(.progmem*)
 .progmem.data  0x00000068       0xb7 ./BillAcceptor.o
 .progmem.data  0x0000011f       0xb2 ./CoinAcceptor.o
 .progmem.data  0x000001d1      0x1c8 ./Hopper.o
 .progmem.data  0x00000399       0xa8 ./IO_Button.o
 .progmem.data  0x00000441       0xaf ./IO_Combo.o
 .progmem.data  0x000004f0      0x73e ./LCD.o
 .progmem.data  0x00000c2e       0x55 ./main.o
                0x00000c84                . = ALIGN (0x2)
 *fill*         0x00000c83        0x1 00
                0x00000c84                __trampolines_start = .
 *(.trampolines)
 .trampolines   0x00000c84        0x0 linker stubs
 *(.trampolines*)
                0x00000c84                __trampolines_end = .
 *(.jumptables)
 *(.jumptables*)
 *(.lowtext)
 *(.lowtext*)
                0x00000c84                __ctors_start = .
 *(.ctors)
                0x00000c84                __ctors_end = .
                0x00000c84                __dtors_start = .
 *(.dtors)
                0x00000c84                __dtors_end = .
 SORT(*)(.ctors)
 SORT(*)(.dtors)
 *(.init0)
 .init0         0x00000c84        0x0 c:/winavr-20100110/bin/../lib/gcc/avr/4.3.3/../../../../avr/lib/avr5/crtm328.o
                0x00000c84                __init
 *(.init0)
 *(.init1)
 *(.init1)
 *(.init2)
 .init2         0x00000c84        0xc c:/winavr-20100110/bin/../lib/gcc/avr/4.3.3/../../../../avr/lib/avr5/crtm328.o
 *(.init2)
 *(.init3)
 *(.init3)
 *(.init4)
 .init4         0x00000c90       0x10 c:/winavr-20100110/bin/../lib/gcc/avr/4.3.3/avr5\libgcc.a(_clear_bss.o)
                0x00000c90                __do_clear_bss
 .init4         0x00000ca0       0x16 c:/winavr-20100110/bin/../lib/gcc/avr/4.3.3/avr5\libgcc.a(_copy_data.o)
                0x00000ca0                __do_copy_data
 *(.init4)
 *(.init5)
 *(.init5)
 *(.init6)
 *(.init6)
 *(.init7)
 *(.init7)
 *(.init8)
 *(.init8)
 *(.init9)
 .init9         0x00000cb6        0x8 c:/winavr-20100110/bin/../lib/gcc/avr/4.3.3/../../../../avr/lib/avr5/crtm328.o
 *(.init9)
 *(.text)
 .text          0x00000cbe        0x4 c:/winavr-20100110/bin/../lib/gcc/avr/4.3.3/../../../../avr/lib/avr5/crtm328.o
                0x00000cbe                __vector_22
                0x00000cbe                __vector_1
                0x00000cbe                __vector_24
                0x00000cbe                __vector_12
                0x00000cbe                __bad_interrupt
                0x00000cbe                __vector_6
                0x00000cbe                __vector_3
                0x00000cbe                __vector_23
                0x00000cbe                __vector_25
                0x00000cbe                __vector_11
                0x00000cbe                __vector_13
                0x00000cbe                __vector_17
                0x00000cbe                __vector_19
                0x00000cbe                __vector_7
                0x00000cbe                __vector_5
                0x00000cbe                __vector_4
                0x00000cbe                __vector_9
                0x00000cbe                __vector_2
                0x00000cbe                __vector_21
                0x00000cbe                __vector_15
                0x00000cbe                __vector_8
                0x00000cbe                __vector_14
                0x00000cbe                __vector_10
                0x00000cbe                __vector_16
                0x00000cbe                __vector_18
                0x00000cbe                __vector_20
 .text          0x00000cc2        0x0 ./BillAcceptor.o
 .text          0x00000cc2        0x0 ./CoinAcceptor.o
 .text          0x00000cc2        0x0 ./HD44780.o
 .text          0x00000cc2        0x0 ./Hopper.o
 .text          0x00000cc2        0x0 ./IO_Button.o
 .text          0x00000cc2        0x0 ./IO_Combo.o
 .text          0x00000cc2        0x0 ./LCD.o
 .text          0x00000cc2        0x0 ./main.o
 .text          0x00000cc2        0x0 c:/winavr-20100110/bin/../lib/gcc/avr/4.3.3/avr5\libgcc.a(_mulsi3.o)
 .text          0x00000cc2        0x0 c:/winavr-20100110/bin/../lib/gcc/avr/4.3.3/avr5\libgcc.a(_udivmodqi4.o)
 .text          0x00000cc2        0x0 c:/winavr-20100110/bin/../lib/gcc/avr/4.3.3/avr5\libgcc.a(_udivmodhi4.o)
 .text          0x00000cc2        0x0 c:/winavr-20100110/bin/../lib/gcc/avr/4.3.3/avr5\libgcc.a(_udivmodsi4.o)
 .text          0x00000cc2        0x0 c:/winavr-20100110/bin/../lib/gcc/avr/4.3.3/avr5\libgcc.a(_exit.o)
 .text          0x00000cc2        0x0 c:/winavr-20100110/bin/../lib/gcc/avr/4.3.3/avr5\libgcc.a(_clear_bss.o)
 .text          0x00000cc2       0x58 c:/winavr-20100110/bin/../lib/gcc/avr/4.3.3/avr5\libgcc.a(_fixunssfsi.o)
                0x00000cc2                __fixunssfsi
 .text          0x00000d1a      0x354 c:/winavr-20100110/bin/../lib/gcc/avr/4.3.3/avr5\libgcc.a(_addsub_sf.o)
                0x00000fb2                __subsf3
                0x00001014                __addsf3
 .text          0x0000106e      0x1f4 c:/winavr-20100110/bin/../lib/gcc/avr/4.3.3/avr5\libgcc.a(_mul_sf.o)
                0x0000106e                __mulsf3
 .text          0x00001262       0x60 c:/winavr-20100110/bin/../lib/gcc/avr/4.3.3/avr5\libgcc.a(_gt_sf.o)
                0x00001262                __gtsf2
 .text          0x000012c2       0x60 c:/winavr-20100110/bin/../lib/gcc/avr/4.3.3/avr5\libgcc.a(_ge_sf.o)
                0x000012c2                __gesf2
 .text          0x00001322       0x60 c:/winavr-20100110/bin/../lib/gcc/avr/4.3.3/avr5\libgcc.a(_lt_sf.o)
                0x00001322                __ltsf2
 .text          0x00001382       0xa8 c:/winavr-20100110/bin/../lib/gcc/avr/4.3.3/avr5\libgcc.a(_sf_to_si.o)
                0x00001382                __fixsfsi
 .text          0x0000142a        0x0 c:/winavr-20100110/bin/../lib/gcc/avr/4.3.3/avr5\libgcc.a(_thenan_sf.o)
 .text          0x0000142a       0xf2 c:/winavr-20100110/bin/../lib/gcc/avr/4.3.3/avr5\libgcc.a(_usi_to_sf.o)
                0x0000142a                __floatunsisf
 .text          0x0000151c        0x0 c:/winavr-20100110/bin/../lib/gcc/avr/4.3.3/avr5\libgcc.a(_prologue.o)
 .text          0x0000151c        0x0 c:/winavr-20100110/bin/../lib/gcc/avr/4.3.3/avr5\libgcc.a(_epilogue.o)
 .text          0x0000151c        0x0 c:/winavr-20100110/bin/../lib/gcc/avr/4.3.3/avr5\libgcc.a(_copy_data.o)
 .text          0x0000151c       0x9e c:/winavr-20100110/bin/../lib/gcc/avr/4.3.3/avr5\libgcc.a(_clzsi2.o)
                0x0000151c                __clzsi2
 .text          0x000015ba      0x1aa c:/winavr-20100110/bin/../lib/gcc/avr/4.3.3/avr5\libgcc.a(_pack_sf.o)
                0x000015ba                __pack_f
 .text          0x00001764       0xf0 c:/winavr-20100110/bin/../lib/gcc/avr/4.3.3/avr5\libgcc.a(_unpack_sf.o)
                0x00001764                __unpack_f
 .text          0x00001854       0xb2 c:/winavr-20100110/bin/../lib/gcc/avr/4.3.3/avr5\libgcc.a(_fpcmp_parts_sf.o)
                0x00001854                __fpcmp_parts_f
 .text          0x00001906        0x0 c:/winavr-20100110/bin/../lib/gcc/avr/4.3.3/avr5\libgcc.a(_clz.o)
 .text          0x00001906        0x0 c:/winavr-20100110/bin/../lib/gcc/avr/4.3.3/../../../../avr/lib/avr5\libc.a(utoa.o)
 .text          0x00001906        0x0 c:/winavr-20100110/bin/../lib/gcc/avr/4.3.3/../../../../avr/lib/avr5\libc.a(eerd_byte_atmega328.o)
 .text          0x00001906        0x0 c:/winavr-20100110/bin/../lib/gcc/avr/4.3.3/../../../../avr/lib/avr5\libc.a(eerd_word_atmega328.o)
 .text          0x00001906        0x0 c:/winavr-20100110/bin/../lib/gcc/avr/4.3.3/../../../../avr/lib/avr5\libc.a(eewr_byte_atmega328.o)
 .text          0x00001906        0x0 c:/winavr-20100110/bin/../lib/gcc/avr/4.3.3/../../../../avr/lib/avr5\libc.a(eewr_word_atmega328.o)
 .text          0x00001906        0x0 c:/winavr-20100110/bin/../lib/gcc/avr/4.3.3/../../../../avr/lib/avr5\libc.a(strrev.o)
 .text          0x00001906        0x0 c:/winavr-20100110/bin/../lib/gcc/avr/4.3.3/../../../../avr/lib/avr5\libc.a(eerd_block_atmega328.o)
                0x00001906                . = ALIGN (0x2)
 *(.text.*)
 .text.Init_Bill_Acceptor
                0x00001906       0x8c ./BillAcceptor.o
                0x00001906                Init_Bill_Acceptor
 .text.Bill_Check_Buffor
                0x00001992      0x21e ./BillAcceptor.o
                0x00001992                Bill_Check_Buffor
 .text.Bill_Clear_buffor
                0x00001bb0       0x6e ./BillAcceptor.o
                0x00001bb0                Bill_Clear_buffor
 .text.Check_Bill_Acceptor
                0x00001c1e      0x15a ./BillAcceptor.o
                0x00001c1e                Check_Bill_Acceptor
 .text.Init_Coin_Acceptor
                0x00001d78      0x3bc ./CoinAcceptor.o
                0x00001d78                Init_Coin_Acceptor
 .text.Coin_check_buffor
                0x00002134      0x18c ./CoinAcceptor.o
                0x00002134                Coin_check_buffor
 .text.Coin_Clear_buffor
                0x000022c0       0x6e ./CoinAcceptor.o
                0x000022c0                Coin_Clear_buffor
 .text.Check_Coin_Acceptor
                0x0000232e      0x144 ./CoinAcceptor.o
                0x0000232e                Check_Coin_Acceptor
 .text.Set_Sorter
                0x00002472       0xdc ./CoinAcceptor.o
                0x00002472                Set_Sorter
 .text.Refil    0x0000254e      0x11a ./CoinAcceptor.o
                0x0000254e                Refil
 .text._LCD_OutNibble
                0x00002668       0x2a ./HD44780.o
                0x00002668                _LCD_OutNibble
 .text._LCD_Write
                0x00002692       0x26 ./HD44780.o
                0x00002692                _LCD_Write
 .text.LCD_WriteCommand
                0x000026b8        0x8 ./HD44780.o
                0x000026b8                LCD_WriteCommand
 .text.LCD_WriteData
                0x000026c0        0x8 ./HD44780.o
                0x000026c0                LCD_WriteData
 .text.LCD_WriteText_FLASH
                0x000026c8       0x22 ./HD44780.o
                0x000026c8                LCD_WriteText_FLASH
 .text.LCD_WriteText_RAM
                0x000026ea       0x1a ./HD44780.o
                0x000026ea                LCD_WriteText_RAM
 .text.LCD_GoTo
                0x00002704       0x2a ./HD44780.o
                0x00002704                LCD_GoTo
 .text.LCD_Clear
                0x0000272e       0x10 ./HD44780.o
                0x0000272e                LCD_Clear
 .text.LCD_Home
                0x0000273e       0x10 ./HD44780.o
                0x0000273e                LCD_Home
 .text.LCD_Initalize
                0x0000274e       0x84 ./HD44780.o
                0x0000274e                LCD_Initalize
 .text.Set_Expense_Hopper
                0x000027d2       0x50 ./Hopper.o
                0x000027d2                Set_Expense_Hopper
 .text.Check_Hopper_Opto
                0x00002822       0x68 ./Hopper.o
                0x00002822                Check_Hopper_Opto
 .text.Set_Hopper_Opto
                0x0000288a       0x20 ./Hopper.o
                0x0000288a                Set_Hopper_Opto
 .text.Hopper_LastPayOut
                0x000028aa       0x62 ./Hopper.o
                0x000028aa                Hopper_LastPayOut
 .text.Hopper_STOPPayOut
                0x0000290c       0x62 ./Hopper.o
                0x0000290c                Hopper_STOPPayOut
 .text.Hopper_PayOut
                0x0000296e      0x16e ./Hopper.o
                0x0000296e                Hopper_PayOut
 .text.Hopper_Dump
                0x00002adc       0xba ./Hopper.o
                0x00002adc                Hopper_Dump
 .text.Dumpowanie
                0x00002b96       0xec ./Hopper.o
                0x00002b96                Dumpowanie
 .text.PayOut   0x00002c82      0x300 ./Hopper.o
                0x00002c82                PayOut
 .text.Check_Hopper
                0x00002f82      0x2fc ./Hopper.o
                0x00002f82                Check_Hopper
 .text.checkPin
                0x0000327e        0xc ./IO_Button.o
                0x0000327e                checkPin
 .text.Check_IO
                0x0000328a       0x30 ./IO_Button.o
                0x0000328a                Check_IO
 .text.Check_Button_Machine
                0x000032ba       0x94 ./IO_Button.o
                0x000032ba                Check_Button_Machine
 .text.IO_Combo_Claer_Acceptor
                0x0000334e       0x4e ./IO_Combo.o
                0x0000334e                IO_Combo_Claer_Acceptor
 .text.IO_Combo_Clear_Escrow
                0x0000339c       0x5e ./IO_Combo.o
                0x0000339c                IO_Combo_Clear_Escrow
 .text.Check_IO_Combo
                0x000033fa      0x140 ./IO_Combo.o
                0x000033fa                Check_IO_Combo
 .text.convert_m
                0x0000353a       0x44 ./LCD.o
                0x0000353a                convert_m
 .text.Write_LCD_String_RAM
                0x0000357e       0x1a ./LCD.o
                0x0000357e                Write_LCD_String_RAM
 .text.Write_LCD_String_FLASH
                0x00003598       0x1a ./LCD.o
                0x00003598                Write_LCD_String_FLASH
 .text.Write_LCD
                0x000035b2      0x81c ./LCD.o
                0x000035b2                Write_LCD
 .text.uart_init
                0x00003dce       0x16 ./main.o
                0x00003dce                uart_init
 .text.uart_putc
                0x00003de4       0x10 ./main.o
                0x00003de4                uart_putc
 .text.uart_ischar
                0x00003df4        0x8 ./main.o
                0x00003df4                uart_ischar
 .text.uart_clear
                0x00003dfc       0x10 ./main.o
                0x00003dfc                uart_clear
 .text.ccTalk_send
                0x00003e0c       0x7e ./main.o
                0x00003e0c                ccTalk_send
 .text.uart_getc_no_timeout
                0x00003e8a       0x42 ./main.o
                0x00003e8a                uart_getc_no_timeout
 .text.ccTalk_recive_no_timeout
                0x00003ecc      0x19a ./main.o
                0x00003ecc                ccTalk_recive_no_timeout
 .text.uart_getc
                0x00004066       0x54 ./main.o
                0x00004066                uart_getc
 .text.ccTalk_recive
                0x000040ba      0x190 ./main.o
                0x000040ba                ccTalk_recive
 .text.gpioInit
                0x0000424a       0x40 ./main.o
                0x0000424a                gpioInit
 .text.RNG      0x0000428a       0x54 ./main.o
                0x0000428a                RNG
 .text.StanVar  0x000042de       0xb4 ./main.o
                0x000042de                StanVar
 .text._delay_ms_counter
                0x00004392      0x1b6 ./main.o
                0x00004392                _delay_ms_counter
 .text.Check_inhbit
                0x00004548       0xda ./main.o
                0x00004548                Check_inhbit
 .text.Check_Admin
                0x00004622       0xaa ./main.o
                0x00004622                Check_Admin
 .text.Disp_Menu
                0x000046cc       0xb8 ./main.o
                0x000046cc                Disp_Menu
 .text.error_payout
                0x00004784       0x82 ./main.o
                0x00004784                error_payout
 .text.Set_Open_Door
                0x00004806       0x9e ./main.o
                0x00004806                Set_Open_Door
 .text.Check_Admin_Start
                0x000048a4      0x148 ./main.o
                0x000048a4                Check_Admin_Start
 .text.Save_Money_Hopper
                0x000049ec       0x32 ./main.o
                0x000049ec                Save_Money_Hopper
 .text.Init_EEProm
                0x00004a1e      0x14a ./main.o
                0x00004a1e                Init_EEProm
 .text.Check_Connections
                0x00004b68       0x16 ./main.o
                0x00004b68                Check_Connections
 .text.Check_Time_Out_Money
                0x00004b7e       0x34 ./main.o
                0x00004b7e                Check_Time_Out_Money
 .text.Init_Dev
                0x00004bb2       0x1e ./main.o
                0x00004bb2                Init_Dev
 .text.Init_Automat
                0x00004bd0       0x4e ./main.o
                0x00004bd0                Init_Automat
 .text.Check_Money
                0x00004c1e       0x2a ./main.o
                0x00004c1e                Check_Money
 .text.Check_Button_Door
                0x00004c48      0x1de ./main.o
                0x00004c48                Check_Button_Door
 .text.main     0x00004e26      0x1aa ./main.o
                0x00004e26                main
 .text.libgcc   0x00004fd0       0x3e c:/winavr-20100110/bin/../lib/gcc/avr/4.3.3/avr5\libgcc.a(_mulsi3.o)
                0x00004fd0                __mulsi3
 .text.libgcc   0x0000500e       0x18 c:/winavr-20100110/bin/../lib/gcc/avr/4.3.3/avr5\libgcc.a(_udivmodqi4.o)
                0x0000500e                __udivmodqi4
 .text.libgcc   0x00005026       0x28 c:/winavr-20100110/bin/../lib/gcc/avr/4.3.3/avr5\libgcc.a(_udivmodhi4.o)
                0x00005026                __udivmodhi4
 .text.libgcc   0x0000504e       0x44 c:/winavr-20100110/bin/../lib/gcc/avr/4.3.3/avr5\libgcc.a(_udivmodsi4.o)
                0x0000504e                __udivmodsi4
 .text.libgcc   0x00005092        0x0 c:/winavr-20100110/bin/../lib/gcc/avr/4.3.3/avr5\libgcc.a(_exit.o)
 .text.libgcc   0x00005092        0x0 c:/winavr-20100110/bin/../lib/gcc/avr/4.3.3/avr5\libgcc.a(_clear_bss.o)
 .text.libgcc   0x00005092       0x38 c:/winavr-20100110/bin/../lib/gcc/avr/4.3.3/avr5\libgcc.a(_prologue.o)
                0x00005092                __prologue_saves__
 .text.libgcc   0x000050ca       0x36 c:/winavr-20100110/bin/../lib/gcc/avr/4.3.3/avr5\libgcc.a(_epilogue.o)
                0x000050ca                __epilogue_restores__
 .text.libgcc   0x00005100        0x0 c:/winavr-20100110/bin/../lib/gcc/avr/4.3.3/avr5\libgcc.a(_copy_data.o)
 .text.avr-libc
                0x00005100       0x2c c:/winavr-20100110/bin/../lib/gcc/avr/4.3.3/../../../../avr/lib/avr5\libc.a(utoa.o)
                0x00005100                utoa
 .text.avr-libc
                0x0000512c       0x10 c:/winavr-20100110/bin/../lib/gcc/avr/4.3.3/../../../../avr/lib/avr5\libc.a(eerd_byte_atmega328.o)
                0x0000512c                __eerd_byte_m328
 .text.avr-libc
                0x0000513c        0xc c:/winavr-20100110/bin/../lib/gcc/avr/4.3.3/../../../../avr/lib/avr5\libc.a(eerd_word_atmega328.o)
                0x0000513c                __eerd_word_m328
 .text.avr-libc
                0x00005148       0x1c c:/winavr-20100110/bin/../lib/gcc/avr/4.3.3/../../../../avr/lib/avr5\libc.a(eewr_byte_atmega328.o)
                0x0000514a                __eewr_r18_m328
                0x00005148                __eewr_byte_m328
 .text.avr-libc
                0x00005164        0xa c:/winavr-20100110/bin/../lib/gcc/avr/4.3.3/../../../../avr/lib/avr5\libc.a(eewr_word_atmega328.o)
                0x00005164                __eewr_word_m328
 .text.avr-libc
                0x0000516e       0x20 c:/winavr-20100110/bin/../lib/gcc/avr/4.3.3/../../../../avr/lib/avr5\libc.a(strrev.o)
                0x0000516e                strrev
 .text.avr-libc
                0x0000518e       0x20 c:/winavr-20100110/bin/../lib/gcc/avr/4.3.3/../../../../avr/lib/avr5\libc.a(eerd_block_atmega328.o)
                0x0000518e                __eerd_block_m328
                0x00005192                __eerd_blraw_m328
                0x000051ae                . = ALIGN (0x2)
 *(.fini9)
 .fini9         0x000051ae        0x0 c:/winavr-20100110/bin/../lib/gcc/avr/4.3.3/avr5\libgcc.a(_exit.o)
                0x000051ae                exit
                0x000051ae                _exit
 *(.fini9)
 *(.fini8)
 *(.fini8)
 *(.fini7)
 *(.fini7)
 *(.fini6)
 *(.fini6)
 *(.fini5)
 *(.fini5)
 *(.fini4)
 *(.fini4)
 *(.fini3)
 *(.fini3)
 *(.fini2)
 *(.fini2)
 *(.fini1)
 *(.fini1)
 *(.fini0)
 .fini0         0x000051ae        0x4 c:/winavr-20100110/bin/../lib/gcc/avr/4.3.3/avr5\libgcc.a(_exit.o)
 *(.fini0)
                0x000051b2                _etext = .

.data           0x00800100      0x108 load address 0x000051b2
                0x00800100                PROVIDE (__data_start, .)
 *(.data)
 .data          0x00800100        0x0 c:/winavr-20100110/bin/../lib/gcc/avr/4.3.3/../../../../avr/lib/avr5/crtm328.o
 .data          0x00800100        0x0 ./BillAcceptor.o
 .data          0x00800100        0x0 ./CoinAcceptor.o
 .data          0x00800100        0x0 ./HD44780.o
 .data          0x00800100        0x0 ./Hopper.o
 .data          0x00800100        0x0 ./IO_Button.o
 .data          0x00800100        0x0 ./IO_Combo.o
 .data          0x00800100        0x0 ./LCD.o
 .data          0x00800100        0x0 ./main.o
 .data          0x00800100        0x0 c:/winavr-20100110/bin/../lib/gcc/avr/4.3.3/avr5\libgcc.a(_mulsi3.o)
 .data          0x00800100        0x0 c:/winavr-20100110/bin/../lib/gcc/avr/4.3.3/avr5\libgcc.a(_udivmodqi4.o)
 .data          0x00800100        0x0 c:/winavr-20100110/bin/../lib/gcc/avr/4.3.3/avr5\libgcc.a(_udivmodhi4.o)
 .data          0x00800100        0x0 c:/winavr-20100110/bin/../lib/gcc/avr/4.3.3/avr5\libgcc.a(_udivmodsi4.o)
 .data          0x00800100        0x0 c:/winavr-20100110/bin/../lib/gcc/avr/4.3.3/avr5\libgcc.a(_exit.o)
 .data          0x00800100        0x0 c:/winavr-20100110/bin/../lib/gcc/avr/4.3.3/avr5\libgcc.a(_clear_bss.o)
 .data          0x00800100        0x0 c:/winavr-20100110/bin/../lib/gcc/avr/4.3.3/avr5\libgcc.a(_fixunssfsi.o)
 .data          0x00800100        0x0 c:/winavr-20100110/bin/../lib/gcc/avr/4.3.3/avr5\libgcc.a(_addsub_sf.o)
 .data          0x00800100        0x0 c:/winavr-20100110/bin/../lib/gcc/avr/4.3.3/avr5\libgcc.a(_mul_sf.o)
 .data          0x00800100        0x0 c:/winavr-20100110/bin/../lib/gcc/avr/4.3.3/avr5\libgcc.a(_gt_sf.o)
 .data          0x00800100        0x0 c:/winavr-20100110/bin/../lib/gcc/avr/4.3.3/avr5\libgcc.a(_ge_sf.o)
 .data          0x00800100        0x0 c:/winavr-20100110/bin/../lib/gcc/avr/4.3.3/avr5\libgcc.a(_lt_sf.o)
 .data          0x00800100        0x0 c:/winavr-20100110/bin/../lib/gcc/avr/4.3.3/avr5\libgcc.a(_sf_to_si.o)
 .data          0x00800100        0x8 c:/winavr-20100110/bin/../lib/gcc/avr/4.3.3/avr5\libgcc.a(_thenan_sf.o)
                0x00800100                __thenan_sf
 .data          0x00800108        0x0 c:/winavr-20100110/bin/../lib/gcc/avr/4.3.3/avr5\libgcc.a(_usi_to_sf.o)
 .data          0x00800108        0x0 c:/winavr-20100110/bin/../lib/gcc/avr/4.3.3/avr5\libgcc.a(_prologue.o)
 .data          0x00800108        0x0 c:/winavr-20100110/bin/../lib/gcc/avr/4.3.3/avr5\libgcc.a(_epilogue.o)
 .data          0x00800108        0x0 c:/winavr-20100110/bin/../lib/gcc/avr/4.3.3/avr5\libgcc.a(_copy_data.o)
 .data          0x00800108        0x0 c:/winavr-20100110/bin/../lib/gcc/avr/4.3.3/avr5\libgcc.a(_clzsi2.o)
 .data          0x00800108        0x0 c:/winavr-20100110/bin/../lib/gcc/avr/4.3.3/avr5\libgcc.a(_pack_sf.o)
 .data          0x00800108        0x0 c:/winavr-20100110/bin/../lib/gcc/avr/4.3.3/avr5\libgcc.a(_unpack_sf.o)
 .data          0x00800108        0x0 c:/winavr-20100110/bin/../lib/gcc/avr/4.3.3/avr5\libgcc.a(_fpcmp_parts_sf.o)
 .data          0x00800108      0x100 c:/winavr-20100110/bin/../lib/gcc/avr/4.3.3/avr5\libgcc.a(_clz.o)
                0x00800108                __clz_tab
 .data          0x00800208        0x0 c:/winavr-20100110/bin/../lib/gcc/avr/4.3.3/../../../../avr/lib/avr5\libc.a(utoa.o)
 .data          0x00800208        0x0 c:/winavr-20100110/bin/../lib/gcc/avr/4.3.3/../../../../avr/lib/avr5\libc.a(eerd_byte_atmega328.o)
 .data          0x00800208        0x0 c:/winavr-20100110/bin/../lib/gcc/avr/4.3.3/../../../../avr/lib/avr5\libc.a(eerd_word_atmega328.o)
 .data          0x00800208        0x0 c:/winavr-20100110/bin/../lib/gcc/avr/4.3.3/../../../../avr/lib/avr5\libc.a(eewr_byte_atmega328.o)
 .data          0x00800208        0x0 c:/winavr-20100110/bin/../lib/gcc/avr/4.3.3/../../../../avr/lib/avr5\libc.a(eewr_word_atmega328.o)
 .data          0x00800208        0x0 c:/winavr-20100110/bin/../lib/gcc/avr/4.3.3/../../../../avr/lib/avr5\libc.a(strrev.o)
 .data          0x00800208        0x0 c:/winavr-20100110/bin/../lib/gcc/avr/4.3.3/../../../../avr/lib/avr5\libc.a(eerd_block_atmega328.o)
 *(.data*)
 *(.rodata)
 *(.rodata*)
 *(.gnu.linkonce.d*)
                0x00800208                . = ALIGN (0x2)
                0x00800208                _edata = .
                0x00800208                PROVIDE (__data_end, .)

.bss            0x00800208       0x40
                0x00800208                PROVIDE (__bss_start, .)
 *(.bss)
 .bss           0x00800208        0x0 c:/winavr-20100110/bin/../lib/gcc/avr/4.3.3/../../../../avr/lib/avr5/crtm328.o
 .bss           0x00800208        0x0 ./BillAcceptor.o
 .bss           0x00800208        0x0 ./CoinAcceptor.o
 .bss           0x00800208        0x0 ./HD44780.o
 .bss           0x00800208        0x0 ./Hopper.o
 .bss           0x00800208        0x0 ./IO_Button.o
 .bss           0x00800208        0x0 ./IO_Combo.o
 .bss           0x00800208        0x0 ./LCD.o
 .bss           0x00800208        0x0 ./main.o
 .bss           0x00800208        0x0 c:/winavr-20100110/bin/../lib/gcc/avr/4.3.3/avr5\libgcc.a(_mulsi3.o)
 .bss           0x00800208        0x0 c:/winavr-20100110/bin/../lib/gcc/avr/4.3.3/avr5\libgcc.a(_udivmodqi4.o)
 .bss           0x00800208        0x0 c:/winavr-20100110/bin/../lib/gcc/avr/4.3.3/avr5\libgcc.a(_udivmodhi4.o)
 .bss           0x00800208        0x0 c:/winavr-20100110/bin/../lib/gcc/avr/4.3.3/avr5\libgcc.a(_udivmodsi4.o)
 .bss           0x00800208        0x0 c:/winavr-20100110/bin/../lib/gcc/avr/4.3.3/avr5\libgcc.a(_exit.o)
 .bss           0x00800208        0x0 c:/winavr-20100110/bin/../lib/gcc/avr/4.3.3/avr5\libgcc.a(_clear_bss.o)
 .bss           0x00800208        0x0 c:/winavr-20100110/bin/../lib/gcc/avr/4.3.3/avr5\libgcc.a(_fixunssfsi.o)
 .bss           0x00800208        0x0 c:/winavr-20100110/bin/../lib/gcc/avr/4.3.3/avr5\libgcc.a(_addsub_sf.o)
 .bss           0x00800208        0x0 c:/winavr-20100110/bin/../lib/gcc/avr/4.3.3/avr5\libgcc.a(_mul_sf.o)
 .bss           0x00800208        0x0 c:/winavr-20100110/bin/../lib/gcc/avr/4.3.3/avr5\libgcc.a(_gt_sf.o)
 .bss           0x00800208        0x0 c:/winavr-20100110/bin/../lib/gcc/avr/4.3.3/avr5\libgcc.a(_ge_sf.o)
 .bss           0x00800208        0x0 c:/winavr-20100110/bin/../lib/gcc/avr/4.3.3/avr5\libgcc.a(_lt_sf.o)
 .bss           0x00800208        0x0 c:/winavr-20100110/bin/../lib/gcc/avr/4.3.3/avr5\libgcc.a(_sf_to_si.o)
 .bss           0x00800208        0x0 c:/winavr-20100110/bin/../lib/gcc/avr/4.3.3/avr5\libgcc.a(_thenan_sf.o)
 .bss           0x00800208        0x0 c:/winavr-20100110/bin/../lib/gcc/avr/4.3.3/avr5\libgcc.a(_usi_to_sf.o)
 .bss           0x00800208        0x0 c:/winavr-20100110/bin/../lib/gcc/avr/4.3.3/avr5\libgcc.a(_prologue.o)
 .bss           0x00800208        0x0 c:/winavr-20100110/bin/../lib/gcc/avr/4.3.3/avr5\libgcc.a(_epilogue.o)
 .bss           0x00800208        0x0 c:/winavr-20100110/bin/../lib/gcc/avr/4.3.3/avr5\libgcc.a(_copy_data.o)
 .bss           0x00800208        0x0 c:/winavr-20100110/bin/../lib/gcc/avr/4.3.3/avr5\libgcc.a(_clzsi2.o)
 .bss           0x00800208        0x0 c:/winavr-20100110/bin/../lib/gcc/avr/4.3.3/avr5\libgcc.a(_pack_sf.o)
 .bss           0x00800208        0x0 c:/winavr-20100110/bin/../lib/gcc/avr/4.3.3/avr5\libgcc.a(_unpack_sf.o)
 .bss           0x00800208        0x0 c:/winavr-20100110/bin/../lib/gcc/avr/4.3.3/avr5\libgcc.a(_fpcmp_parts_sf.o)
 .bss           0x00800208        0x0 c:/winavr-20100110/bin/../lib/gcc/avr/4.3.3/avr5\libgcc.a(_clz.o)
 .bss           0x00800208        0x0 c:/winavr-20100110/bin/../lib/gcc/avr/4.3.3/../../../../avr/lib/avr5\libc.a(utoa.o)
 .bss           0x00800208        0x0 c:/winavr-20100110/bin/../lib/gcc/avr/4.3.3/../../../../avr/lib/avr5\libc.a(eerd_byte_atmega328.o)
 .bss           0x00800208        0x0 c:/winavr-20100110/bin/../lib/gcc/avr/4.3.3/../../../../avr/lib/avr5\libc.a(eerd_word_atmega328.o)
 .bss           0x00800208        0x0 c:/winavr-20100110/bin/../lib/gcc/avr/4.3.3/../../../../avr/lib/avr5\libc.a(eewr_byte_atmega328.o)
 .bss           0x00800208        0x0 c:/winavr-20100110/bin/../lib/gcc/avr/4.3.3/../../../../avr/lib/avr5\libc.a(eewr_word_atmega328.o)
 .bss           0x00800208        0x0 c:/winavr-20100110/bin/../lib/gcc/avr/4.3.3/../../../../avr/lib/avr5\libc.a(strrev.o)
 .bss           0x00800208        0x0 c:/winavr-20100110/bin/../lib/gcc/avr/4.3.3/../../../../avr/lib/avr5\libc.a(eerd_block_atmega328.o)
 *(.bss*)
 *(COMMON)
 COMMON         0x00800208       0x40 ./BillAcceptor.o
                0x00800208                FL_Button_3
                0x00800209                FL_Adminh
                0x0080020a                licznik_error
                0x0080020c                Stan_Hopper
                0x0080020d                Hopper_One_Opto
                0x0080020e                FL_Serwish
                0x0080020f                FL_Restart
                0x00800210                tmp_money_koszt
                0x00800211                tmp_money_Brak
                0x00800212                FL_WPBlock
                0x00800213                Money_In_Automat
                0x00800215                FL_Cena_UP
                0x00800216                Last_Transaction_Atmega
                0x00800218                LSBrakuje
                0x00800219                SterWhile
                0x0080021a                BillEvent
                0x0080021b                Hopper_Three_Opto
                0x0080021c                Last_Money_In
                0x0080021e                Door_Two
                0x0080021f                FL_ERROR
                0x00800220                LSWprowadzono
                0x00800221                Tmp_time_while
                0x00800223                Money_5zl_Atmega
                0x00800225                FL_Dead_Comm
                0x00800226                FL_Button_2
                0x00800227                Time_out_Money
                0x00800228                FL_Key_Three
                0x00800229                FL_KEY_SWITCH
                0x0080022a                tmp_money_In
                0x0080022b                Money_OUT_Liczniki
                0x0080022d                Money_1zl_Atmega
                0x0080022f                First_Run_Atmega
                0x00800230                Expense_Atmega
                0x00800231                Door_One
                0x00800232                Money_50gr_Atmega
                0x00800234                Door_Three
                0x00800235                Inhibit_Coin
                0x00800236                PSWprowadzono
                0x00800237                FL_Button_1
                0x00800238                PSBrakuje
                0x00800239                Hopper_Two_Opto
                0x0080023a                First_Run
                0x0080023b                FL_Blocked
                0x0080023c                CoinEvent
                0x0080023d                time_door
                0x0080023e                FL_Key_One
                0x0080023f                Seed_RNG
                0x00800243                FL_Key_Two
                0x00800244                Time_Disp
                0x00800245                Tmp_Time_Door
                0x00800246                Money_IN_Liczniki
                0x00800248                PROVIDE (__bss_end, .)
                0x000051b2                __data_load_start = LOADADDR (.data)
                0x000052ba                __data_load_end = (__data_load_start + SIZEOF (.data))

.noinit         0x00800248        0x0
                0x00800248                PROVIDE (__noinit_start, .)
 *(.noinit*)
                0x00800248                PROVIDE (__noinit_end, .)
                0x00800248                _end = .
                0x00800248                PROVIDE (__heap_start, .)

.eeprom         0x00810000        0x8
 *(.eeprom*)
 .eeprom        0x00810000        0x8 ./main.o
                0x00810000                First_Run_EEPROM
                0x00810001                Expense_EEPROM
                0x00810006                Money_50gr_EEPROM
                0x00810002                Money_5zl_EEPROM
                0x00810004                Money_1zl_EEPROM
                0x00810008                __eeprom_end = .

.fuse
 *(.fuse)
 *(.lfuse)
 *(.hfuse)
 *(.efuse)

.lock
 *(.lock*)

.signature
 *(.signature*)

.stab
 *(.stab)

.stabstr
 *(.stabstr)

.stab.excl
 *(.stab.excl)

.stab.exclstr
 *(.stab.exclstr)

.stab.index
 *(.stab.index)

.stab.indexstr
 *(.stab.indexstr)

.comment
 *(.comment)

.debug
 *(.debug)

.line
 *(.line)

.debug_srcinfo
 *(.debug_srcinfo)

.debug_sfnames
 *(.debug_sfnames)

.debug_aranges  0x00000000      0x180
 *(.debug_aranges)
 .debug_aranges
                0x00000000       0x20 c:/winavr-20100110/bin/../lib/gcc/avr/4.3.3/avr5\libgcc.a(_fixunssfsi.o)
 .debug_aranges
                0x00000020       0x20 c:/winavr-20100110/bin/../lib/gcc/avr/4.3.3/avr5\libgcc.a(_addsub_sf.o)
 .debug_aranges
                0x00000040       0x20 c:/winavr-20100110/bin/../lib/gcc/avr/4.3.3/avr5\libgcc.a(_mul_sf.o)
 .debug_aranges
                0x00000060       0x20 c:/winavr-20100110/bin/../lib/gcc/avr/4.3.3/avr5\libgcc.a(_gt_sf.o)
 .debug_aranges
                0x00000080       0x20 c:/winavr-20100110/bin/../lib/gcc/avr/4.3.3/avr5\libgcc.a(_ge_sf.o)
 .debug_aranges
                0x000000a0       0x20 c:/winavr-20100110/bin/../lib/gcc/avr/4.3.3/avr5\libgcc.a(_lt_sf.o)
 .debug_aranges
                0x000000c0       0x20 c:/winavr-20100110/bin/../lib/gcc/avr/4.3.3/avr5\libgcc.a(_sf_to_si.o)
 .debug_aranges
                0x000000e0       0x20 c:/winavr-20100110/bin/../lib/gcc/avr/4.3.3/avr5\libgcc.a(_usi_to_sf.o)
 .debug_aranges
                0x00000100       0x20 c:/winavr-20100110/bin/../lib/gcc/avr/4.3.3/avr5\libgcc.a(_clzsi2.o)
 .debug_aranges
                0x00000120       0x20 c:/winavr-20100110/bin/../lib/gcc/avr/4.3.3/avr5\libgcc.a(_pack_sf.o)
 .debug_aranges
                0x00000140       0x20 c:/winavr-20100110/bin/../lib/gcc/avr/4.3.3/avr5\libgcc.a(_unpack_sf.o)
 .debug_aranges
                0x00000160       0x20 c:/winavr-20100110/bin/../lib/gcc/avr/4.3.3/avr5\libgcc.a(_fpcmp_parts_sf.o)

.debug_pubnames
                0x00000000      0x1d3
 *(.debug_pubnames)
 .debug_pubnames
                0x00000000       0x23 c:/winavr-20100110/bin/../lib/gcc/avr/4.3.3/avr5\libgcc.a(_fixunssfsi.o)
 .debug_pubnames
                0x00000023       0x2c c:/winavr-20100110/bin/../lib/gcc/avr/4.3.3/avr5\libgcc.a(_addsub_sf.o)
 .debug_pubnames
                0x0000004f       0x1f c:/winavr-20100110/bin/../lib/gcc/avr/4.3.3/avr5\libgcc.a(_mul_sf.o)
 .debug_pubnames
                0x0000006e       0x1e c:/winavr-20100110/bin/../lib/gcc/avr/4.3.3/avr5\libgcc.a(_gt_sf.o)
 .debug_pubnames
                0x0000008c       0x1e c:/winavr-20100110/bin/../lib/gcc/avr/4.3.3/avr5\libgcc.a(_ge_sf.o)
 .debug_pubnames
                0x000000aa       0x1e c:/winavr-20100110/bin/../lib/gcc/avr/4.3.3/avr5\libgcc.a(_lt_sf.o)
 .debug_pubnames
                0x000000c8       0x20 c:/winavr-20100110/bin/../lib/gcc/avr/4.3.3/avr5\libgcc.a(_sf_to_si.o)
 .debug_pubnames
                0x000000e8       0x22 c:/winavr-20100110/bin/../lib/gcc/avr/4.3.3/avr5\libgcc.a(_thenan_sf.o)
 .debug_pubnames
                0x0000010a       0x24 c:/winavr-20100110/bin/../lib/gcc/avr/4.3.3/avr5\libgcc.a(_usi_to_sf.o)
 .debug_pubnames
                0x0000012e       0x1f c:/winavr-20100110/bin/../lib/gcc/avr/4.3.3/avr5\libgcc.a(_clzsi2.o)
 .debug_pubnames
                0x0000014d       0x1f c:/winavr-20100110/bin/../lib/gcc/avr/4.3.3/avr5\libgcc.a(_pack_sf.o)
 .debug_pubnames
                0x0000016c       0x21 c:/winavr-20100110/bin/../lib/gcc/avr/4.3.3/avr5\libgcc.a(_unpack_sf.o)
 .debug_pubnames
                0x0000018d       0x26 c:/winavr-20100110/bin/../lib/gcc/avr/4.3.3/avr5\libgcc.a(_fpcmp_parts_sf.o)
 .debug_pubnames
                0x000001b3       0x20 c:/winavr-20100110/bin/../lib/gcc/avr/4.3.3/avr5\libgcc.a(_clz.o)

.debug_info     0x00000000     0x200f
 *(.debug_info)
 .debug_info    0x00000000       0xb1 c:/winavr-20100110/bin/../lib/gcc/avr/4.3.3/avr5\libgcc.a(_fixunssfsi.o)
 .debug_info    0x000000b1      0x47a c:/winavr-20100110/bin/../lib/gcc/avr/4.3.3/avr5\libgcc.a(_addsub_sf.o)
 .debug_info    0x0000052b      0x485 c:/winavr-20100110/bin/../lib/gcc/avr/4.3.3/avr5\libgcc.a(_mul_sf.o)
 .debug_info    0x000009b0      0x27f c:/winavr-20100110/bin/../lib/gcc/avr/4.3.3/avr5\libgcc.a(_gt_sf.o)
 .debug_info    0x00000c2f      0x27f c:/winavr-20100110/bin/../lib/gcc/avr/4.3.3/avr5\libgcc.a(_ge_sf.o)
 .debug_info    0x00000eae      0x27f c:/winavr-20100110/bin/../lib/gcc/avr/4.3.3/avr5\libgcc.a(_lt_sf.o)
 .debug_info    0x0000112d      0x2b0 c:/winavr-20100110/bin/../lib/gcc/avr/4.3.3/avr5\libgcc.a(_sf_to_si.o)
 .debug_info    0x000013dd      0x12c c:/winavr-20100110/bin/../lib/gcc/avr/4.3.3/avr5\libgcc.a(_thenan_sf.o)
 .debug_info    0x00001509      0x206 c:/winavr-20100110/bin/../lib/gcc/avr/4.3.3/avr5\libgcc.a(_usi_to_sf.o)
 .debug_info    0x0000170f      0x117 c:/winavr-20100110/bin/../lib/gcc/avr/4.3.3/avr5\libgcc.a(_clzsi2.o)
 .debug_info    0x00001826      0x2df c:/winavr-20100110/bin/../lib/gcc/avr/4.3.3/avr5\libgcc.a(_pack_sf.o)
 .debug_info    0x00001b05      0x251 c:/winavr-20100110/bin/../lib/gcc/avr/4.3.3/avr5\libgcc.a(_unpack_sf.o)
 .debug_info    0x00001d56      0x210 c:/winavr-20100110/bin/../lib/gcc/avr/4.3.3/avr5\libgcc.a(_fpcmp_parts_sf.o)
 .debug_info    0x00001f66       0xa9 c:/winavr-20100110/bin/../lib/gcc/avr/4.3.3/avr5\libgcc.a(_clz.o)
 *(.gnu.linkonce.wi.*)

.debug_abbrev   0x00000000     0x1170
 *(.debug_abbrev)
 .debug_abbrev  0x00000000       0x5d c:/winavr-20100110/bin/../lib/gcc/avr/4.3.3/avr5\libgcc.a(_fixunssfsi.o)
 .debug_abbrev  0x0000005d      0x1ea c:/winavr-20100110/bin/../lib/gcc/avr/4.3.3/avr5\libgcc.a(_addsub_sf.o)
 .debug_abbrev  0x00000247      0x21b c:/winavr-20100110/bin/../lib/gcc/avr/4.3.3/avr5\libgcc.a(_mul_sf.o)
 .debug_abbrev  0x00000462      0x15a c:/winavr-20100110/bin/../lib/gcc/avr/4.3.3/avr5\libgcc.a(_gt_sf.o)
 .debug_abbrev  0x000005bc      0x15a c:/winavr-20100110/bin/../lib/gcc/avr/4.3.3/avr5\libgcc.a(_ge_sf.o)
 .debug_abbrev  0x00000716      0x15a c:/winavr-20100110/bin/../lib/gcc/avr/4.3.3/avr5\libgcc.a(_lt_sf.o)
 .debug_abbrev  0x00000870      0x17f c:/winavr-20100110/bin/../lib/gcc/avr/4.3.3/avr5\libgcc.a(_sf_to_si.o)
 .debug_abbrev  0x000009ef       0xad c:/winavr-20100110/bin/../lib/gcc/avr/4.3.3/avr5\libgcc.a(_thenan_sf.o)
 .debug_abbrev  0x00000a9c      0x157 c:/winavr-20100110/bin/../lib/gcc/avr/4.3.3/avr5\libgcc.a(_usi_to_sf.o)
 .debug_abbrev  0x00000bf3       0xc4 c:/winavr-20100110/bin/../lib/gcc/avr/4.3.3/avr5\libgcc.a(_clzsi2.o)
 .debug_abbrev  0x00000cb7      0x1c0 c:/winavr-20100110/bin/../lib/gcc/avr/4.3.3/avr5\libgcc.a(_pack_sf.o)
 .debug_abbrev  0x00000e77      0x154 c:/winavr-20100110/bin/../lib/gcc/avr/4.3.3/avr5\libgcc.a(_unpack_sf.o)
 .debug_abbrev  0x00000fcb      0x13b c:/winavr-20100110/bin/../lib/gcc/avr/4.3.3/avr5\libgcc.a(_fpcmp_parts_sf.o)
 .debug_abbrev  0x00001106       0x6a c:/winavr-20100110/bin/../lib/gcc/avr/4.3.3/avr5\libgcc.a(_clz.o)

.debug_line     0x00000000     0x1001
 *(.debug_line)
 .debug_line    0x00000000       0xa7 c:/winavr-20100110/bin/../lib/gcc/avr/4.3.3/avr5\libgcc.a(_fixunssfsi.o)
 .debug_line    0x000000a7      0x2af c:/winavr-20100110/bin/../lib/gcc/avr/4.3.3/avr5\libgcc.a(_addsub_sf.o)
 .debug_line    0x00000356      0x239 c:/winavr-20100110/bin/../lib/gcc/avr/4.3.3/avr5\libgcc.a(_mul_sf.o)
 .debug_line    0x0000058f       0xd3 c:/winavr-20100110/bin/../lib/gcc/avr/4.3.3/avr5\libgcc.a(_gt_sf.o)
 .debug_line    0x00000662       0xd3 c:/winavr-20100110/bin/../lib/gcc/avr/4.3.3/avr5\libgcc.a(_ge_sf.o)
 .debug_line    0x00000735       0xd3 c:/winavr-20100110/bin/../lib/gcc/avr/4.3.3/avr5\libgcc.a(_lt_sf.o)
 .debug_line    0x00000808      0x109 c:/winavr-20100110/bin/../lib/gcc/avr/4.3.3/avr5\libgcc.a(_sf_to_si.o)
 .debug_line    0x00000911       0x90 c:/winavr-20100110/bin/../lib/gcc/avr/4.3.3/avr5\libgcc.a(_thenan_sf.o)
 .debug_line    0x000009a1      0x133 c:/winavr-20100110/bin/../lib/gcc/avr/4.3.3/avr5\libgcc.a(_usi_to_sf.o)
 .debug_line    0x00000ad4       0xa5 c:/winavr-20100110/bin/../lib/gcc/avr/4.3.3/avr5\libgcc.a(_clzsi2.o)
 .debug_line    0x00000b79      0x18a c:/winavr-20100110/bin/../lib/gcc/avr/4.3.3/avr5\libgcc.a(_pack_sf.o)
 .debug_line    0x00000d03      0x14b c:/winavr-20100110/bin/../lib/gcc/avr/4.3.3/avr5\libgcc.a(_unpack_sf.o)
 .debug_line    0x00000e4e      0x137 c:/winavr-20100110/bin/../lib/gcc/avr/4.3.3/avr5\libgcc.a(_fpcmp_parts_sf.o)
 .debug_line    0x00000f85       0x7c c:/winavr-20100110/bin/../lib/gcc/avr/4.3.3/avr5\libgcc.a(_clz.o)

.debug_frame    0x00000000      0x1a0
 *(.debug_frame)
 .debug_frame   0x00000000       0x20 c:/winavr-20100110/bin/../lib/gcc/avr/4.3.3/avr5\libgcc.a(_fixunssfsi.o)
 .debug_frame   0x00000020       0x40 c:/winavr-20100110/bin/../lib/gcc/avr/4.3.3/avr5\libgcc.a(_addsub_sf.o)
 .debug_frame   0x00000060       0x20 c:/winavr-20100110/bin/../lib/gcc/avr/4.3.3/avr5\libgcc.a(_mul_sf.o)
 .debug_frame   0x00000080       0x20 c:/winavr-20100110/bin/../lib/gcc/avr/4.3.3/avr5\libgcc.a(_gt_sf.o)
 .debug_frame   0x000000a0       0x20 c:/winavr-20100110/bin/../lib/gcc/avr/4.3.3/avr5\libgcc.a(_ge_sf.o)
 .debug_frame   0x000000c0       0x20 c:/winavr-20100110/bin/../lib/gcc/avr/4.3.3/avr5\libgcc.a(_lt_sf.o)
 .debug_frame   0x000000e0       0x20 c:/winavr-20100110/bin/../lib/gcc/avr/4.3.3/avr5\libgcc.a(_sf_to_si.o)
 .debug_frame   0x00000100       0x20 c:/winavr-20100110/bin/../lib/gcc/avr/4.3.3/avr5\libgcc.a(_usi_to_sf.o)
 .debug_frame   0x00000120       0x20 c:/winavr-20100110/bin/../lib/gcc/avr/4.3.3/avr5\libgcc.a(_clzsi2.o)
 .debug_frame   0x00000140       0x20 c:/winavr-20100110/bin/../lib/gcc/avr/4.3.3/avr5\libgcc.a(_pack_sf.o)
 .debug_frame   0x00000160       0x20 c:/winavr-20100110/bin/../lib/gcc/avr/4.3.3/avr5\libgcc.a(_unpack_sf.o)
 .debug_frame   0x00000180       0x20 c:/winavr-20100110/bin/../lib/gcc/avr/4.3.3/avr5\libgcc.a(_fpcmp_parts_sf.o)

.debug_str      0x00000000      0x2c1
 *(.debug_str)
 .debug_str     0x00000000       0xbf c:/winavr-20100110/bin/../lib/gcc/avr/4.3.3/avr5\libgcc.a(_fixunssfsi.o)
                                 0xfe (size before relaxing)
 .debug_str     0x000000bf      0x14d c:/winavr-20100110/bin/../lib/gcc/avr/4.3.3/avr5\libgcc.a(_addsub_sf.o)
                                0x206 (size before relaxing)
 .debug_str     0x0000020c       0x27 c:/winavr-20100110/bin/../lib/gcc/avr/4.3.3/avr5\libgcc.a(_mul_sf.o)
                                0x1bf (size before relaxing)
 .debug_str     0x00000233        0x8 c:/winavr-20100110/bin/../lib/gcc/avr/4.3.3/avr5\libgcc.a(_gt_sf.o)
                                0x195 (size before relaxing)
 .debug_str     0x0000023b        0x8 c:/winavr-20100110/bin/../lib/gcc/avr/4.3.3/avr5\libgcc.a(_ge_sf.o)
                                0x195 (size before relaxing)
 .debug_str     0x00000243        0x8 c:/winavr-20100110/bin/../lib/gcc/avr/4.3.3/avr5\libgcc.a(_lt_sf.o)
                                0x195 (size before relaxing)
 .debug_str     0x0000024b        0xa c:/winavr-20100110/bin/../lib/gcc/avr/4.3.3/avr5\libgcc.a(_sf_to_si.o)
                                0x19e (size before relaxing)
 .debug_str     0x00000000      0x103 c:/winavr-20100110/bin/../lib/gcc/avr/4.3.3/avr5\libgcc.a(_thenan_sf.o)
 .debug_str     0x00000255       0x21 c:/winavr-20100110/bin/../lib/gcc/avr/4.3.3/avr5\libgcc.a(_usi_to_sf.o)
                                0x177 (size before relaxing)
 .debug_str     0x00000276       0x20 c:/winavr-20100110/bin/../lib/gcc/avr/4.3.3/avr5\libgcc.a(_clzsi2.o)
                                0x111 (size before relaxing)
 .debug_str     0x00000296       0x10 c:/winavr-20100110/bin/../lib/gcc/avr/4.3.3/avr5\libgcc.a(_pack_sf.o)
                                0x19d (size before relaxing)
 .debug_str     0x000002a6        0xb c:/winavr-20100110/bin/../lib/gcc/avr/4.3.3/avr5\libgcc.a(_unpack_sf.o)
                                0x17f (size before relaxing)
 .debug_str     0x000002b1       0x10 c:/winavr-20100110/bin/../lib/gcc/avr/4.3.3/avr5\libgcc.a(_fpcmp_parts_sf.o)
                                0x163 (size before relaxing)
 .debug_str     0x00000000       0xf4 c:/winavr-20100110/bin/../lib/gcc/avr/4.3.3/avr5\libgcc.a(_clz.o)

.debug_loc      0x00000000      0x8ae
 *(.debug_loc)
 .debug_loc     0x00000000       0x34 c:/winavr-20100110/bin/../lib/gcc/avr/4.3.3/avr5\libgcc.a(_fixunssfsi.o)
 .debug_loc     0x00000034      0x32a c:/winavr-20100110/bin/../lib/gcc/avr/4.3.3/avr5\libgcc.a(_addsub_sf.o)
 .debug_loc     0x0000035e      0x104 c:/winavr-20100110/bin/../lib/gcc/avr/4.3.3/avr5\libgcc.a(_mul_sf.o)
 .debug_loc     0x00000462       0x3c c:/winavr-20100110/bin/../lib/gcc/avr/4.3.3/avr5\libgcc.a(_gt_sf.o)
 .debug_loc     0x0000049e       0x3c c:/winavr-20100110/bin/../lib/gcc/avr/4.3.3/avr5\libgcc.a(_ge_sf.o)
 .debug_loc     0x000004da       0x3c c:/winavr-20100110/bin/../lib/gcc/avr/4.3.3/avr5\libgcc.a(_lt_sf.o)
 .debug_loc     0x00000516       0x7e c:/winavr-20100110/bin/../lib/gcc/avr/4.3.3/avr5\libgcc.a(_sf_to_si.o)
 .debug_loc     0x00000594       0x4c c:/winavr-20100110/bin/../lib/gcc/avr/4.3.3/avr5\libgcc.a(_usi_to_sf.o)
 .debug_loc     0x000005e0       0x94 c:/winavr-20100110/bin/../lib/gcc/avr/4.3.3/avr5\libgcc.a(_clzsi2.o)
 .debug_loc     0x00000674      0x13e c:/winavr-20100110/bin/../lib/gcc/avr/4.3.3/avr5\libgcc.a(_pack_sf.o)
 .debug_loc     0x000007b2       0xac c:/winavr-20100110/bin/../lib/gcc/avr/4.3.3/avr5\libgcc.a(_unpack_sf.o)
 .debug_loc     0x0000085e       0x50 c:/winavr-20100110/bin/../lib/gcc/avr/4.3.3/avr5\libgcc.a(_fpcmp_parts_sf.o)

.debug_macinfo
 *(.debug_macinfo)
OUTPUT(034_System_Combo_T_Liczniki_v_1_5_lukasz.elf elf32-avr)
LOAD linker stubs

.debug_ranges   0x00000000       0x50
 .debug_ranges  0x00000000       0x50 c:/winavr-20100110/bin/../lib/gcc/avr/4.3.3/avr5\libgcc.a(_mul_sf.o)
