Archive member included because of file (symbol)

c:/winavr-20100110/bin/../lib/gcc/avr/4.3.3/avr4\libgcc.a(_exit.o)
                              c:/winavr-20100110/bin/../lib/gcc/avr/4.3.3/../../../../avr/lib/avr4/crtm8.o (exit)
c:/winavr-20100110/bin/../lib/gcc/avr/4.3.3/avr4\libgcc.a(_copy_data.o)
                              ./main.o (__do_copy_data)
c:/winavr-20100110/bin/../lib/gcc/avr/4.3.3/avr4\libgcc.a(_clear_bss.o)
                              ./main.o (__do_clear_bss)

Allocating common symbols
Common symbol       size              file

data                0x28              ./main.o

Memory Configuration

Name             Origin             Length             Attributes
text             0x00000000         0x00002000         xr
data             0x00800060         0x0000ffa0         rw !x
eeprom           0x00810000         0x00010000         rw !x
fuse             0x00820000         0x00000400         rw !x
lock             0x00830000         0x00000400         rw !x
signature        0x00840000         0x00000400         rw !x
*default*        0x00000000         0xffffffff

Linker script and memory map

LOAD c:/winavr-20100110/bin/../lib/gcc/avr/4.3.3/../../../../avr/lib/avr4/crtm8.o
LOAD ./main.o
LOAD c:/winavr-20100110/bin/../lib/gcc/avr/4.3.3/avr4\libgcc.a
LOAD c:/winavr-20100110/bin/../lib/gcc/avr/4.3.3/../../../../avr/lib/avr4\libc.a
LOAD c:/winavr-20100110/bin/../lib/gcc/avr/4.3.3/avr4\libgcc.a

.hash
 *(.hash)

.dynsym
 *(.dynsym)

.dynstr
 *(.dynstr)

.gnu.version
 *(.gnu.version)

.gnu.version_d
 *(.gnu.version_d)

.gnu.version_r
 *(.gnu.version_r)

.rel.init
 *(.rel.init)

.rela.init
 *(.rela.init)

.rel.text
 *(.rel.text)
 *(.rel.text.*)
 *(.rel.gnu.linkonce.t*)

.rela.text
 *(.rela.text)
 *(.rela.text.*)
 *(.rela.gnu.linkonce.t*)

.rel.fini
 *(.rel.fini)

.rela.fini
 *(.rela.fini)

.rel.rodata
 *(.rel.rodata)
 *(.rel.rodata.*)
 *(.rel.gnu.linkonce.r*)

.rela.rodata
 *(.rela.rodata)
 *(.rela.rodata.*)
 *(.rela.gnu.linkonce.r*)

.rel.data
 *(.rel.data)
 *(.rel.data.*)
 *(.rel.gnu.linkonce.d*)

.rela.data
 *(.rela.data)
 *(.rela.data.*)
 *(.rela.gnu.linkonce.d*)

.rel.ctors
 *(.rel.ctors)

.rela.ctors
 *(.rela.ctors)

.rel.dtors
 *(.rel.dtors)

.rela.dtors
 *(.rela.dtors)

.rel.got
 *(.rel.got)

.rela.got
 *(.rela.got)

.rel.bss
 *(.rel.bss)

.rela.bss
 *(.rela.bss)

.rel.plt
 *(.rel.plt)

.rela.plt
 *(.rela.plt)

.text           0x00000000      0xf80
 *(.vectors)
 .vectors       0x00000000       0x26 c:/winavr-20100110/bin/../lib/gcc/avr/4.3.3/../../../../avr/lib/avr4/crtm8.o
                0x00000000                __vectors
                0x00000000                __vector_default
 *(.vectors)
 *(.progmem.gcc*)
 *(.progmem*)
                0x00000026                . = ALIGN (0x2)
                0x00000026                __trampolines_start = .
 *(.trampolines)
 .trampolines   0x00000026        0x0 linker stubs
 *(.trampolines*)
                0x00000026                __trampolines_end = .
 *(.jumptables)
 *(.jumptables*)
 *(.lowtext)
 *(.lowtext*)
                0x00000026                __ctors_start = .
 *(.ctors)
                0x00000026                __ctors_end = .
                0x00000026                __dtors_start = .
 *(.dtors)
                0x00000026                __dtors_end = .
 SORT(*)(.ctors)
 SORT(*)(.dtors)
 *(.init0)
 .init0         0x00000026        0x0 c:/winavr-20100110/bin/../lib/gcc/avr/4.3.3/../../../../avr/lib/avr4/crtm8.o
                0x00000026                __init
 *(.init0)
 *(.init1)
 *(.init1)
 *(.init2)
 .init2         0x00000026        0xc c:/winavr-20100110/bin/../lib/gcc/avr/4.3.3/../../../../avr/lib/avr4/crtm8.o
 *(.init2)
 *(.init3)
 *(.init3)
 *(.init4)
 .init4         0x00000032       0x16 c:/winavr-20100110/bin/../lib/gcc/avr/4.3.3/avr4\libgcc.a(_copy_data.o)
                0x00000032                __do_copy_data
 .init4         0x00000048       0x10 c:/winavr-20100110/bin/../lib/gcc/avr/4.3.3/avr4\libgcc.a(_clear_bss.o)
                0x00000048                __do_clear_bss
 *(.init4)
 *(.init5)
 *(.init5)
 *(.init6)
 *(.init6)
 *(.init7)
 *(.init7)
 *(.init8)
 *(.init8)
 *(.init9)
 .init9         0x00000058        0x4 c:/winavr-20100110/bin/../lib/gcc/avr/4.3.3/../../../../avr/lib/avr4/crtm8.o
 *(.init9)
 *(.text)
 .text          0x0000005c        0x2 c:/winavr-20100110/bin/../lib/gcc/avr/4.3.3/../../../../avr/lib/avr4/crtm8.o
                0x0000005c                __vector_1
                0x0000005c                __vector_12
                0x0000005c                __bad_interrupt
                0x0000005c                __vector_6
                0x0000005c                __vector_3
                0x0000005c                __vector_11
                0x0000005c                __vector_13
                0x0000005c                __vector_17
                0x0000005c                __vector_7
                0x0000005c                __vector_5
                0x0000005c                __vector_4
                0x0000005c                __vector_9
                0x0000005c                __vector_2
                0x0000005c                __vector_15
                0x0000005c                __vector_8
                0x0000005c                __vector_14
                0x0000005c                __vector_10
                0x0000005c                __vector_16
                0x0000005c                __vector_18
 .text          0x0000005e        0x0 ./main.o
 .text          0x0000005e        0x0 c:/winavr-20100110/bin/../lib/gcc/avr/4.3.3/avr4\libgcc.a(_exit.o)
 .text          0x0000005e        0x0 c:/winavr-20100110/bin/../lib/gcc/avr/4.3.3/avr4\libgcc.a(_copy_data.o)
 .text          0x0000005e        0x0 c:/winavr-20100110/bin/../lib/gcc/avr/4.3.3/avr4\libgcc.a(_clear_bss.o)
                0x0000005e                . = ALIGN (0x2)
 *(.text.*)
 .text.uart_clear
                0x0000005e        0xa ./main.o
                0x0000005e                uart_clear
 .text.check_money
                0x00000068       0x86 ./main.o
                0x00000068                check_money
 .text.send_command
                0x000000ee       0x48 ./main.o
                0x000000ee                send_command
 .text.Route_bill
                0x00000136       0x26 ./main.o
                0x00000136                Route_bill
 .text.Read_buffor_credit_ans
                0x0000015c       0x76 ./main.o
                0x0000015c                Read_buffor_credit_ans
 .text.check_is_money
                0x000001d2       0x4c ./main.o
                0x000001d2                check_is_money
 .text.Request_country_scaling_factor
                0x0000021e       0x38 ./main.o
                0x0000021e                Request_country_scaling_factor
 .text.Request_bill_id_data_16
                0x00000256       0x3e ./main.o
                0x00000256                Request_bill_id_data_16
 .text.Request_bill_id_data_15
                0x00000294       0x3e ./main.o
                0x00000294                Request_bill_id_data_15
 .text.Request_bill_id_data_14
                0x000002d2       0x3e ./main.o
                0x000002d2                Request_bill_id_data_14
 .text.Request_bill_id_data_13
                0x00000310       0x3e ./main.o
                0x00000310                Request_bill_id_data_13
 .text.Request_bill_id_data_12
                0x0000034e       0x3e ./main.o
                0x0000034e                Request_bill_id_data_12
 .text.Request_bill_id_data_11
                0x0000038c       0x3e ./main.o
                0x0000038c                Request_bill_id_data_11
 .text.Request_bill_id_data_10
                0x000003ca       0x3e ./main.o
                0x000003ca                Request_bill_id_data_10
 .text.Request_bill_id_data_9
                0x00000408       0x3e ./main.o
                0x00000408                Request_bill_id_data_9
 .text.Request_bill_id_data_8
                0x00000446       0x3e ./main.o
                0x00000446                Request_bill_id_data_8
 .text.Request_bill_id_data_7
                0x00000484       0x3e ./main.o
                0x00000484                Request_bill_id_data_7
 .text.Request_bill_id_data_6
                0x000004c2       0x3e ./main.o
                0x000004c2                Request_bill_id_data_6
 .text.Request_bill_id_data_5
                0x00000500       0x46 ./main.o
                0x00000500                Request_bill_id_data_5
 .text.Request_bill_id_data_4
                0x00000546       0x46 ./main.o
                0x00000546                Request_bill_id_data_4
 .text.Request_bill_id_data_3
                0x0000058c       0x46 ./main.o
                0x0000058c                Request_bill_id_data_3
 .text.Request_bill_id_data_2
                0x000005d2       0x46 ./main.o
                0x000005d2                Request_bill_id_data_2
 .text.Request_bill_id_data_1
                0x00000618       0x46 ./main.o
                0x00000618                Request_bill_id_data_1
 .text.Request_master_inhibit_status
                0x0000065e       0x22 ./main.o
                0x0000065e                Request_master_inhibit_status
 .text.Modify_master_inhibit_status
                0x00000680       0x22 ./main.o
                0x00000680                Modify_master_inhibit_status
 .text.Modify_inhibit_status
                0x000006a2       0x22 ./main.o
                0x000006a2                Modify_inhibit_status
 .text.Perform_self_check
                0x000006c4       0x22 ./main.o
                0x000006c4                Perform_self_check
 .text.Request_software_version
                0x000006e6       0x46 ./main.o
                0x000006e6                Request_software_version
 .text.Request_serial_number_ans
                0x0000072c       0x34 ./main.o
                0x0000072c                Request_serial_number_ans
 .text.Request_product_code
                0x00000760       0x38 ./main.o
                0x00000760                Request_product_code
 .text.Request_equipment_category_id
                0x00000798       0x46 ./main.o
                0x00000798                Request_equipment_category_id
 .text.Request_manufacturer_id
                0x000007de       0x38 ./main.o
                0x000007de                Request_manufacturer_id
 .text.main     0x00000816      0x740 ./main.o
                0x00000816                main
 .text.uart_init
                0x00000f56        0xe ./main.o
                0x00000f56                uart_init
 .text.uart_putc
                0x00000f64        0x8 ./main.o
                0x00000f64                uart_putc
 .text.uart_ischar
                0x00000f6c        0x6 ./main.o
                0x00000f6c                uart_ischar
 .text.uart_getc
                0x00000f72        0xa ./main.o
                0x00000f72                uart_getc
 .text.libgcc   0x00000f7c        0x0 c:/winavr-20100110/bin/../lib/gcc/avr/4.3.3/avr4\libgcc.a(_exit.o)
 .text.libgcc   0x00000f7c        0x0 c:/winavr-20100110/bin/../lib/gcc/avr/4.3.3/avr4\libgcc.a(_copy_data.o)
 .text.libgcc   0x00000f7c        0x0 c:/winavr-20100110/bin/../lib/gcc/avr/4.3.3/avr4\libgcc.a(_clear_bss.o)
                0x00000f7c                . = ALIGN (0x2)
 *(.fini9)
 .fini9         0x00000f7c        0x0 c:/winavr-20100110/bin/../lib/gcc/avr/4.3.3/avr4\libgcc.a(_exit.o)
                0x00000f7c                exit
                0x00000f7c                _exit
 *(.fini9)
 *(.fini8)
 *(.fini8)
 *(.fini7)
 *(.fini7)
 *(.fini6)
 *(.fini6)
 *(.fini5)
 *(.fini5)
 *(.fini4)
 *(.fini4)
 *(.fini3)
 *(.fini3)
 *(.fini2)
 *(.fini2)
 *(.fini1)
 *(.fini1)
 *(.fini0)
 .fini0         0x00000f7c        0x4 c:/winavr-20100110/bin/../lib/gcc/avr/4.3.3/avr4\libgcc.a(_exit.o)
 *(.fini0)
                0x00000f80                _etext = .

.data           0x00800060       0x42 load address 0x00000f80
                0x00800060                PROVIDE (__data_start, .)
 *(.data)
 .data          0x00800060        0x0 c:/winavr-20100110/bin/../lib/gcc/avr/4.3.3/../../../../avr/lib/avr4/crtm8.o
 .data          0x00800060        0x0 ./main.o
 .data          0x00800060        0x0 c:/winavr-20100110/bin/../lib/gcc/avr/4.3.3/avr4\libgcc.a(_exit.o)
 .data          0x00800060        0x0 c:/winavr-20100110/bin/../lib/gcc/avr/4.3.3/avr4\libgcc.a(_copy_data.o)
 .data          0x00800060        0x0 c:/winavr-20100110/bin/../lib/gcc/avr/4.3.3/avr4\libgcc.a(_clear_bss.o)
 *(.data*)
 .data.FL_Route_bill
                0x00800060        0x1 ./main.o
                0x00800060                FL_Route_bill
 *(.rodata)
 *(.rodata*)
 .rodata.C.19.1809
                0x00800061        0x3 ./main.o
 .rodata.C.18.1760
                0x00800064        0x7 ./main.o
 .rodata.C.17.1755
                0x0080006b        0x7 ./main.o
 .rodata.C.16.1750
                0x00800072        0x7 ./main.o
 .rodata.C.15.1745
                0x00800079        0x7 ./main.o
 .rodata.C.14.1740
                0x00800080        0x7 ./main.o
 .rodata.C.2.1704
                0x00800087        0x9 ./main.o
 .rodata.C.1.1691
                0x00800090        0xf ./main.o
 .rodata.C.0.1686
                0x0080009f        0x3 ./main.o
 *(.gnu.linkonce.d*)
                0x008000a2                . = ALIGN (0x2)
                0x008000a2                _edata = .
                0x008000a2                PROVIDE (__data_end, .)

.bss            0x008000a2       0x38
                0x008000a2                PROVIDE (__bss_start, .)
 *(.bss)
 .bss           0x008000a2        0x0 c:/winavr-20100110/bin/../lib/gcc/avr/4.3.3/../../../../avr/lib/avr4/crtm8.o
 .bss           0x008000a2        0x0 ./main.o
 .bss           0x008000a2        0x0 c:/winavr-20100110/bin/../lib/gcc/avr/4.3.3/avr4\libgcc.a(_exit.o)
 .bss           0x008000a2        0x0 c:/winavr-20100110/bin/../lib/gcc/avr/4.3.3/avr4\libgcc.a(_copy_data.o)
 .bss           0x008000a2        0x0 c:/winavr-20100110/bin/../lib/gcc/avr/4.3.3/avr4\libgcc.a(_clear_bss.o)
 *(.bss*)
 .bss.FL_coin   0x008000a2        0x1 ./main.o
                0x008000a2                FL_coin
 .bss.event     0x008000a3        0x1 ./main.o
                0x008000a3                event
 .bss.FL_Inhibit
                0x008000a4        0x1 ./main.o
                0x008000a4                FL_Inhibit
 .bss.GiveMoney
                0x008000a5        0x1 ./main.o
                0x008000a5                GiveMoney
 .bss.res_1A    0x008000a6        0x1 ./main.o
                0x008000a6                res_1A
 .bss.res_1B    0x008000a7        0x1 ./main.o
                0x008000a7                res_1B
 .bss.res_2A    0x008000a8        0x1 ./main.o
                0x008000a8                res_2A
 .bss.res_2B    0x008000a9        0x1 ./main.o
                0x008000a9                res_2B
 .bss.res_3A    0x008000aa        0x1 ./main.o
                0x008000aa                res_3A
 .bss.res_3B    0x008000ab        0x1 ./main.o
                0x008000ab                res_3B
 .bss.res_4A    0x008000ac        0x1 ./main.o
                0x008000ac                res_4A
 .bss.res_4B    0x008000ad        0x1 ./main.o
                0x008000ad                res_4B
 .bss.res_5A    0x008000ae        0x1 ./main.o
                0x008000ae                res_5A
 .bss.res_5B    0x008000af        0x1 ./main.o
                0x008000af                res_5B
 .bss.money     0x008000b0        0x2 ./main.o
                0x008000b0                money
 *(COMMON)
 COMMON         0x008000b2       0x28 ./main.o
                0x008000b2                data
                0x008000da                PROVIDE (__bss_end, .)
                0x00000f80                __data_load_start = LOADADDR (.data)
                0x00000fc2                __data_load_end = (__data_load_start + SIZEOF (.data))

.noinit         0x008000da        0x0
                0x008000da                PROVIDE (__noinit_start, .)
 *(.noinit*)
                0x008000da                PROVIDE (__noinit_end, .)
                0x008000da                _end = .
                0x008000da                PROVIDE (__heap_start, .)

.eeprom         0x00810000        0x0
 *(.eeprom*)
                0x00810000                __eeprom_end = .

.fuse
 *(.fuse)
 *(.lfuse)
 *(.hfuse)
 *(.efuse)

.lock
 *(.lock*)

.signature
 *(.signature*)

.stab
 *(.stab)

.stabstr
 *(.stabstr)

.stab.excl
 *(.stab.excl)

.stab.exclstr
 *(.stab.exclstr)

.stab.index
 *(.stab.index)

.stab.indexstr
 *(.stab.indexstr)

.comment
 *(.comment)

.debug
 *(.debug)

.line
 *(.line)

.debug_srcinfo
 *(.debug_srcinfo)

.debug_sfnames
 *(.debug_sfnames)

.debug_aranges
 *(.debug_aranges)

.debug_pubnames
 *(.debug_pubnames)

.debug_info
 *(.debug_info)
 *(.gnu.linkonce.wi.*)

.debug_abbrev
 *(.debug_abbrev)

.debug_line
 *(.debug_line)

.debug_frame
 *(.debug_frame)

.debug_str
 *(.debug_str)

.debug_loc
 *(.debug_loc)

.debug_macinfo
 *(.debug_macinfo)
OUTPUT(035_blackhorse_emulacja_cctalk.elf elf32-avr)
LOAD linker stubs
