Archive member included because of file (symbol)

c:/winavr-20100110/bin/../lib/gcc/avr/4.3.3/avr5\libgcc.a(_exit.o)
                              c:/winavr-20100110/bin/../lib/gcc/avr/4.3.3/../../../../avr/lib/avr5/crtm16.o (exit)
c:/winavr-20100110/bin/../lib/gcc/avr/4.3.3/avr5\libgcc.a(_clear_bss.o)
                              ./Quizomat.o (__do_clear_bss)

Allocating common symbols
Common symbol       size              file

com_unlock_Button   0x1               ./Quizomat.o
FLAGA_Send          0x1               ./Quizomat.o
FL_pilotes          0x1               ./Quizomat.o
commandBuffer       0x28              ./Quizomat.o
FL_QUIZ_ON          0x1               ./Quizomat.o
com_lock_Button     0x1               ./Quizomat.o
command             0x1               ./Quizomat.o
sended              0x1               ./Quizomat.o
startImpulseTime    0x2               ./Quizomat.o
FL_pilot            0x1               ./Quizomat.o
FL_bet              0x1               ./Quizomat.o
com_off             0x1               ./Quizomat.o
com_lock_BET        0x1               ./Quizomat.o
counterTimeout_counter
                    0x2               ./Quizomat.o
QUIZ_ON             0x1               ./Quizomat.o
FL_CARD             0x1               ./Quizomat.o
klik_payout         0x1               ./Quizomat.o
FL_keySwitch        0x1               ./Quizomat.o
FL_TETRIS_ON        0x1               ./Quizomat.o
FL_button           0x1               ./Quizomat.o
com_lock_HOLD       0x1               ./Quizomat.o
startTimeout        0x2               ./Quizomat.o
FL_hold             0x1               ./Quizomat.o
key_switch_clear    0x1               ./Quizomat.o
FL_automatOn        0x1               ./Quizomat.o
com_quiz_start_rules
                    0x1               ./Quizomat.o
com_unlock_HOLD     0x1               ./Quizomat.o
com_Relay_OFF       0x1               ./Quizomat.o
com_lock_pay        0x1               ./Quizomat.o
FL_payout           0x1               ./Quizomat.o
com_unlock_pay      0x1               ./Quizomat.o
com_Relay_ON        0x1               ./Quizomat.o
com_round           0x1               ./Quizomat.o
receive             0x1               ./Quizomat.o
buffer_size         0x1               ./Quizomat.o
FL_counter_in       0x1               ./Quizomat.o
com_add_time_one    0x1               ./Quizomat.o
FL_start            0x1               ./Quizomat.o
com_quiz_on         0x1               ./Quizomat.o
counter_off         0x2               ./Quizomat.o
com_unlock_BET      0x1               ./Quizomat.o
FL_wyk              0x1               ./Quizomat.o
com_switch_on_tetris
                    0x1               ./Quizomat.o
TETRIS_ON           0x1               ./Quizomat.o

Memory Configuration

Name             Origin             Length             Attributes
text             0x00000000         0x00020000         xr
data             0x00800060         0x0000ffa0         rw !x
eeprom           0x00810000         0x00010000         rw !x
fuse             0x00820000         0x00000400         rw !x
lock             0x00830000         0x00000400         rw !x
signature        0x00840000         0x00000400         rw !x
*default*        0x00000000         0xffffffff

Linker script and memory map

LOAD c:/winavr-20100110/bin/../lib/gcc/avr/4.3.3/../../../../avr/lib/avr5/crtm16.o
LOAD ./Quizomat.o
LOAD ./main.o
LOAD c:/winavr-20100110/bin/../lib/gcc/avr/4.3.3/avr5\libgcc.a
LOAD c:/winavr-20100110/bin/../lib/gcc/avr/4.3.3/../../../../avr/lib/avr5\libc.a
LOAD c:/winavr-20100110/bin/../lib/gcc/avr/4.3.3/avr5\libgcc.a

.hash
 *(.hash)

.dynsym
 *(.dynsym)

.dynstr
 *(.dynstr)

.gnu.version
 *(.gnu.version)

.gnu.version_d
 *(.gnu.version_d)

.gnu.version_r
 *(.gnu.version_r)

.rel.init
 *(.rel.init)

.rela.init
 *(.rela.init)

.rel.text
 *(.rel.text)
 *(.rel.text.*)
 *(.rel.gnu.linkonce.t*)

.rela.text
 *(.rela.text)
 *(.rela.text.*)
 *(.rela.gnu.linkonce.t*)

.rel.fini
 *(.rel.fini)

.rela.fini
 *(.rela.fini)

.rel.rodata
 *(.rel.rodata)
 *(.rel.rodata.*)
 *(.rel.gnu.linkonce.r*)

.rela.rodata
 *(.rela.rodata)
 *(.rela.rodata.*)
 *(.rela.gnu.linkonce.r*)

.rel.data
 *(.rel.data)
 *(.rel.data.*)
 *(.rel.gnu.linkonce.d*)

.rela.data
 *(.rela.data)
 *(.rela.data.*)
 *(.rela.gnu.linkonce.d*)

.rel.ctors
 *(.rel.ctors)

.rela.ctors
 *(.rela.ctors)

.rel.dtors
 *(.rel.dtors)

.rela.dtors
 *(.rela.dtors)

.rel.got
 *(.rel.got)

.rela.got
 *(.rela.got)

.rel.bss
 *(.rel.bss)

.rela.bss
 *(.rela.bss)

.rel.plt
 *(.rel.plt)

.rela.plt
 *(.rela.plt)

.text           0x00000000      0x9ba
 *(.vectors)
 .vectors       0x00000000       0x54 c:/winavr-20100110/bin/../lib/gcc/avr/4.3.3/../../../../avr/lib/avr5/crtm16.o
                0x00000000                __vectors
                0x00000000                __vector_default
 *(.vectors)
 *(.progmem.gcc*)
 *(.progmem*)
                0x00000054                . = ALIGN (0x2)
                0x00000054                __trampolines_start = .
 *(.trampolines)
 .trampolines   0x00000054        0x0 linker stubs
 *(.trampolines*)
                0x00000054                __trampolines_end = .
 *(.jumptables)
 *(.jumptables*)
 *(.lowtext)
 *(.lowtext*)
                0x00000054                __ctors_start = .
 *(.ctors)
                0x00000054                __ctors_end = .
                0x00000054                __dtors_start = .
 *(.dtors)
                0x00000054                __dtors_end = .
 SORT(*)(.ctors)
 SORT(*)(.dtors)
 *(.init0)
 .init0         0x00000054        0x0 c:/winavr-20100110/bin/../lib/gcc/avr/4.3.3/../../../../avr/lib/avr5/crtm16.o
                0x00000054                __init
 *(.init0)
 *(.init1)
 *(.init1)
 *(.init2)
 .init2         0x00000054        0xc c:/winavr-20100110/bin/../lib/gcc/avr/4.3.3/../../../../avr/lib/avr5/crtm16.o
 *(.init2)
 *(.init3)
 *(.init3)
 *(.init4)
 .init4         0x00000060       0x10 c:/winavr-20100110/bin/../lib/gcc/avr/4.3.3/avr5\libgcc.a(_clear_bss.o)
                0x00000060                __do_clear_bss
 *(.init4)
 *(.init5)
 *(.init5)
 *(.init6)
 *(.init6)
 *(.init7)
 *(.init7)
 *(.init8)
 *(.init8)
 *(.init9)
 .init9         0x00000070        0x8 c:/winavr-20100110/bin/../lib/gcc/avr/4.3.3/../../../../avr/lib/avr5/crtm16.o
 *(.init9)
 *(.text)
 .text          0x00000078        0x4 c:/winavr-20100110/bin/../lib/gcc/avr/4.3.3/../../../../avr/lib/avr5/crtm16.o
                0x00000078                __vector_1
                0x00000078                __vector_12
                0x00000078                __bad_interrupt
                0x00000078                __vector_6
                0x00000078                __vector_3
                0x00000078                __vector_11
                0x00000078                __vector_13
                0x00000078                __vector_17
                0x00000078                __vector_19
                0x00000078                __vector_7
                0x00000078                __vector_5
                0x00000078                __vector_4
                0x00000078                __vector_9
                0x00000078                __vector_2
                0x00000078                __vector_15
                0x00000078                __vector_8
                0x00000078                __vector_14
                0x00000078                __vector_10
                0x00000078                __vector_16
                0x00000078                __vector_18
                0x00000078                __vector_20
 .text          0x0000007c        0x0 ./Quizomat.o
 .text          0x0000007c        0x0 ./main.o
 .text          0x0000007c        0x0 c:/winavr-20100110/bin/../lib/gcc/avr/4.3.3/avr5\libgcc.a(_exit.o)
 .text          0x0000007c        0x0 c:/winavr-20100110/bin/../lib/gcc/avr/4.3.3/avr5\libgcc.a(_clear_bss.o)
                0x0000007c                . = ALIGN (0x2)
 *(.text.*)
 .text.sendTimeCounter
                0x0000007c       0xe4 ./Quizomat.o
                0x0000007c                sendTimeCounter
 .text.SetRelay
                0x00000160       0x26 ./Quizomat.o
                0x00000160                SetRelay
 .text.checkQuizBet
                0x00000186       0x3e ./Quizomat.o
                0x00000186                checkQuizBet
 .text.checkQuizHold
                0x000001c4       0x3e ./Quizomat.o
                0x000001c4                checkQuizHold
 .text.checkQuizButton
                0x00000202       0x3e ./Quizomat.o
                0x00000202                checkQuizButton
 .text.checkQuizPayout
                0x00000240       0x82 ./Quizomat.o
                0x00000240                checkQuizPayout
 .text.sendStart
                0x000002c2       0x46 ./Quizomat.o
                0x000002c2                sendStart
 .text.sendKeySwitch
                0x00000308       0x5e ./Quizomat.o
                0x00000308                sendKeySwitch
 .text.quizomat
                0x00000366       0x22 ./Quizomat.o
                0x00000366                quizomat
 .text.ioInit   0x00000388       0x7e ./main.o
                0x00000388                ioInit
 .text.switchOnPi
                0x00000406       0xee ./main.o
                0x00000406                switchOnPi
 .text.switchOn
                0x000004f4       0x6a ./main.o
                0x000004f4                switchOn
 .text.endTime  0x0000055e       0x3c ./main.o
                0x0000055e                endTime
 .text.switchOnCard
                0x0000059a       0x80 ./main.o
                0x0000059a                switchOnCard
 .text.sendCommand
                0x0000061a       0xbc ./main.o
                0x0000061a                sendCommand
 .text.receiveCommand
                0x000006d6       0xaa ./main.o
                0x000006d6                receiveCommand
 .text.settings
                0x00000780       0x2c ./main.o
                0x00000780                settings
 .text.initSettings
                0x000007ac       0x78 ./main.o
                0x000007ac                initSettings
 .text.configurationInit
                0x00000824      0x108 ./main.o
                0x00000824                configurationInit
 .text.main     0x0000092c       0x8a ./main.o
                0x0000092c                main
 .text.libgcc   0x000009b6        0x0 c:/winavr-20100110/bin/../lib/gcc/avr/4.3.3/avr5\libgcc.a(_exit.o)
 .text.libgcc   0x000009b6        0x0 c:/winavr-20100110/bin/../lib/gcc/avr/4.3.3/avr5\libgcc.a(_clear_bss.o)
                0x000009b6                . = ALIGN (0x2)
 *(.fini9)
 .fini9         0x000009b6        0x0 c:/winavr-20100110/bin/../lib/gcc/avr/4.3.3/avr5\libgcc.a(_exit.o)
                0x000009b6                exit
                0x000009b6                _exit
 *(.fini9)
 *(.fini8)
 *(.fini8)
 *(.fini7)
 *(.fini7)
 *(.fini6)
 *(.fini6)
 *(.fini5)
 *(.fini5)
 *(.fini4)
 *(.fini4)
 *(.fini3)
 *(.fini3)
 *(.fini2)
 *(.fini2)
 *(.fini1)
 *(.fini1)
 *(.fini0)
 .fini0         0x000009b6        0x4 c:/winavr-20100110/bin/../lib/gcc/avr/4.3.3/avr5\libgcc.a(_exit.o)
 *(.fini0)
                0x000009ba                _etext = .

.data           0x00800060        0x0 load address 0x000009ba
                0x00800060                PROVIDE (__data_start, .)
 *(.data)
 .data          0x00800060        0x0 c:/winavr-20100110/bin/../lib/gcc/avr/4.3.3/../../../../avr/lib/avr5/crtm16.o
 .data          0x00800060        0x0 ./Quizomat.o
 .data          0x00800060        0x0 ./main.o
 .data          0x00800060        0x0 c:/winavr-20100110/bin/../lib/gcc/avr/4.3.3/avr5\libgcc.a(_exit.o)
 .data          0x00800060        0x0 c:/winavr-20100110/bin/../lib/gcc/avr/4.3.3/avr5\libgcc.a(_clear_bss.o)
 *(.data*)
 *(.rodata)
 *(.rodata*)
 *(.gnu.linkonce.d*)
                0x00800060                . = ALIGN (0x2)
                0x00800060                _edata = .
                0x00800060                PROVIDE (__data_end, .)

.bss            0x00800060       0x59
                0x00800060                PROVIDE (__bss_start, .)
 *(.bss)
 .bss           0x00800060        0x0 c:/winavr-20100110/bin/../lib/gcc/avr/4.3.3/../../../../avr/lib/avr5/crtm16.o
 .bss           0x00800060        0x0 ./Quizomat.o
 .bss           0x00800060        0x0 ./main.o
 .bss           0x00800060        0x0 c:/winavr-20100110/bin/../lib/gcc/avr/4.3.3/avr5\libgcc.a(_exit.o)
 .bss           0x00800060        0x0 c:/winavr-20100110/bin/../lib/gcc/avr/4.3.3/avr5\libgcc.a(_clear_bss.o)
 *(.bss*)
 .bss.FL_time_counter
                0x00800060        0x1 ./Quizomat.o
                0x00800060                FL_time_counter
 .bss.FL_start_rules_counter
                0x00800061        0x1 ./Quizomat.o
                0x00800061                FL_start_rules_counter
 *(COMMON)
 COMMON         0x00800062       0x57 ./Quizomat.o
                0x00800062                com_unlock_Button
                0x00800063                FLAGA_Send
                0x00800064                FL_pilotes
                0x00800065                commandBuffer
                0x0080008d                FL_QUIZ_ON
                0x0080008e                com_lock_Button
                0x0080008f                command
                0x00800090                sended
                0x00800091                startImpulseTime
                0x00800093                FL_pilot
                0x00800094                FL_bet
                0x00800095                com_off
                0x00800096                com_lock_BET
                0x00800097                counterTimeout_counter
                0x00800099                QUIZ_ON
                0x0080009a                FL_CARD
                0x0080009b                klik_payout
                0x0080009c                FL_keySwitch
                0x0080009d                FL_TETRIS_ON
                0x0080009e                FL_button
                0x0080009f                com_lock_HOLD
                0x008000a0                startTimeout
                0x008000a2                FL_hold
                0x008000a3                key_switch_clear
                0x008000a4                FL_automatOn
                0x008000a5                com_quiz_start_rules
                0x008000a6                com_unlock_HOLD
                0x008000a7                com_Relay_OFF
                0x008000a8                com_lock_pay
                0x008000a9                FL_payout
                0x008000aa                com_unlock_pay
                0x008000ab                com_Relay_ON
                0x008000ac                com_round
                0x008000ad                receive
                0x008000ae                buffer_size
                0x008000af                FL_counter_in
                0x008000b0                com_add_time_one
                0x008000b1                FL_start
                0x008000b2                com_quiz_on
                0x008000b3                counter_off
                0x008000b5                com_unlock_BET
                0x008000b6                FL_wyk
                0x008000b7                com_switch_on_tetris
                0x008000b8                TETRIS_ON
                0x008000b9                PROVIDE (__bss_end, .)
                0x000009ba                __data_load_start = LOADADDR (.data)
                0x000009ba                __data_load_end = (__data_load_start + SIZEOF (.data))

.noinit         0x008000b9        0x0
                0x008000b9                PROVIDE (__noinit_start, .)
 *(.noinit*)
                0x008000b9                PROVIDE (__noinit_end, .)
                0x008000b9                _end = .
                0x008000b9                PROVIDE (__heap_start, .)

.eeprom         0x00810000        0x0
 *(.eeprom*)
                0x00810000                __eeprom_end = .

.fuse
 *(.fuse)
 *(.lfuse)
 *(.hfuse)
 *(.efuse)

.lock
 *(.lock*)

.signature
 *(.signature*)

.stab
 *(.stab)

.stabstr
 *(.stabstr)

.stab.excl
 *(.stab.excl)

.stab.exclstr
 *(.stab.exclstr)

.stab.index
 *(.stab.index)

.stab.indexstr
 *(.stab.indexstr)

.comment
 *(.comment)

.debug
 *(.debug)

.line
 *(.line)

.debug_srcinfo
 *(.debug_srcinfo)

.debug_sfnames
 *(.debug_sfnames)

.debug_aranges
 *(.debug_aranges)

.debug_pubnames
 *(.debug_pubnames)

.debug_info
 *(.debug_info)
 *(.gnu.linkonce.wi.*)

.debug_abbrev
 *(.debug_abbrev)

.debug_line
 *(.debug_line)

.debug_frame
 *(.debug_frame)

.debug_str
 *(.debug_str)

.debug_loc
 *(.debug_loc)

.debug_macinfo
 *(.debug_macinfo)
OUTPUT(029_quiztetris_6.0_warszawa.elf elf32-avr)
LOAD linker stubs
