Archive member included because of file (symbol)

c:/winavr-20100110/bin/../lib/gcc/avr/4.3.3/avr4\libgcc.a(_exit.o)
                              c:/winavr-20100110/bin/../lib/gcc/avr/4.3.3/../../../../avr/lib/avr4/crtm8.o (exit)
c:/winavr-20100110/bin/../lib/gcc/avr/4.3.3/avr4\libgcc.a(_copy_data.o)
                              ./main.o (__do_copy_data)
c:/winavr-20100110/bin/../lib/gcc/avr/4.3.3/avr4\libgcc.a(_clear_bss.o)
                              ./main.o (__do_clear_bss)

Allocating common symbols
Common symbol       size              file

buffers             0x2a              ./main.o
buffer              0x2a              ./main.o
bufferOld           0x2a              ./main.o

Memory Configuration

Name             Origin             Length             Attributes
text             0x00000000         0x00002000         xr
data             0x00800060         0x0000ffa0         rw !x
eeprom           0x00810000         0x00010000         rw !x
fuse             0x00820000         0x00000400         rw !x
lock             0x00830000         0x00000400         rw !x
signature        0x00840000         0x00000400         rw !x
*default*        0x00000000         0xffffffff

Linker script and memory map

LOAD c:/winavr-20100110/bin/../lib/gcc/avr/4.3.3/../../../../avr/lib/avr4/crtm8.o
LOAD ./main.o
LOAD c:/winavr-20100110/bin/../lib/gcc/avr/4.3.3/avr4\libgcc.a
LOAD c:/winavr-20100110/bin/../lib/gcc/avr/4.3.3/../../../../avr/lib/avr4\libc.a
LOAD c:/winavr-20100110/bin/../lib/gcc/avr/4.3.3/avr4\libgcc.a

.hash
 *(.hash)

.dynsym
 *(.dynsym)

.dynstr
 *(.dynstr)

.gnu.version
 *(.gnu.version)

.gnu.version_d
 *(.gnu.version_d)

.gnu.version_r
 *(.gnu.version_r)

.rel.init
 *(.rel.init)

.rela.init
 *(.rela.init)

.rel.text
 *(.rel.text)
 *(.rel.text.*)
 *(.rel.gnu.linkonce.t*)

.rela.text
 *(.rela.text)
 *(.rela.text.*)
 *(.rela.gnu.linkonce.t*)

.rel.fini
 *(.rel.fini)

.rela.fini
 *(.rela.fini)

.rel.rodata
 *(.rel.rodata)
 *(.rel.rodata.*)
 *(.rel.gnu.linkonce.r*)

.rela.rodata
 *(.rela.rodata)
 *(.rela.rodata.*)
 *(.rela.gnu.linkonce.r*)

.rel.data
 *(.rel.data)
 *(.rel.data.*)
 *(.rel.gnu.linkonce.d*)

.rela.data
 *(.rela.data)
 *(.rela.data.*)
 *(.rela.gnu.linkonce.d*)

.rel.ctors
 *(.rel.ctors)

.rela.ctors
 *(.rela.ctors)

.rel.dtors
 *(.rel.dtors)

.rela.dtors
 *(.rela.dtors)

.rel.got
 *(.rel.got)

.rela.got
 *(.rela.got)

.rel.bss
 *(.rel.bss)

.rela.bss
 *(.rela.bss)

.rel.plt
 *(.rel.plt)

.rela.plt
 *(.rela.plt)

.text           0x00000000      0x9cc
 *(.vectors)
 .vectors       0x00000000       0x26 c:/winavr-20100110/bin/../lib/gcc/avr/4.3.3/../../../../avr/lib/avr4/crtm8.o
                0x00000000                __vectors
                0x00000000                __vector_default
 *(.vectors)
 *(.progmem.gcc*)
 *(.progmem*)
                0x00000026                . = ALIGN (0x2)
                0x00000026                __trampolines_start = .
 *(.trampolines)
 .trampolines   0x00000026        0x0 linker stubs
 *(.trampolines*)
                0x00000026                __trampolines_end = .
 *(.jumptables)
 *(.jumptables*)
 *(.lowtext)
 *(.lowtext*)
                0x00000026                __ctors_start = .
 *(.ctors)
                0x00000026                __ctors_end = .
                0x00000026                __dtors_start = .
 *(.dtors)
                0x00000026                __dtors_end = .
 SORT(*)(.ctors)
 SORT(*)(.dtors)
 *(.init0)
 .init0         0x00000026        0x0 c:/winavr-20100110/bin/../lib/gcc/avr/4.3.3/../../../../avr/lib/avr4/crtm8.o
                0x00000026                __init
 *(.init0)
 *(.init1)
 *(.init1)
 *(.init2)
 .init2         0x00000026        0xc c:/winavr-20100110/bin/../lib/gcc/avr/4.3.3/../../../../avr/lib/avr4/crtm8.o
 *(.init2)
 *(.init3)
 *(.init3)
 *(.init4)
 .init4         0x00000032       0x16 c:/winavr-20100110/bin/../lib/gcc/avr/4.3.3/avr4\libgcc.a(_copy_data.o)
                0x00000032                __do_copy_data
 .init4         0x00000048       0x10 c:/winavr-20100110/bin/../lib/gcc/avr/4.3.3/avr4\libgcc.a(_clear_bss.o)
                0x00000048                __do_clear_bss
 *(.init4)
 *(.init5)
 *(.init5)
 *(.init6)
 *(.init6)
 *(.init7)
 *(.init7)
 *(.init8)
 *(.init8)
 *(.init9)
 .init9         0x00000058        0x4 c:/winavr-20100110/bin/../lib/gcc/avr/4.3.3/../../../../avr/lib/avr4/crtm8.o
 *(.init9)
 *(.text)
 .text          0x0000005c        0x2 c:/winavr-20100110/bin/../lib/gcc/avr/4.3.3/../../../../avr/lib/avr4/crtm8.o
                0x0000005c                __vector_1
                0x0000005c                __vector_12
                0x0000005c                __bad_interrupt
                0x0000005c                __vector_6
                0x0000005c                __vector_3
                0x0000005c                __vector_11
                0x0000005c                __vector_13
                0x0000005c                __vector_17
                0x0000005c                __vector_7
                0x0000005c                __vector_5
                0x0000005c                __vector_4
                0x0000005c                __vector_9
                0x0000005c                __vector_2
                0x0000005c                __vector_15
                0x0000005c                __vector_8
                0x0000005c                __vector_14
                0x0000005c                __vector_10
                0x0000005c                __vector_16
                0x0000005c                __vector_18
 .text          0x0000005e        0x0 ./main.o
 .text          0x0000005e        0x0 c:/winavr-20100110/bin/../lib/gcc/avr/4.3.3/avr4\libgcc.a(_exit.o)
 .text          0x0000005e        0x0 c:/winavr-20100110/bin/../lib/gcc/avr/4.3.3/avr4\libgcc.a(_copy_data.o)
 .text          0x0000005e        0x0 c:/winavr-20100110/bin/../lib/gcc/avr/4.3.3/avr4\libgcc.a(_clear_bss.o)
                0x0000005e                . = ALIGN (0x2)
 *(.text.*)
 .text.uart_init
                0x0000005e        0xe ./main.o
                0x0000005e                uart_init
 .text.uart_putc
                0x0000006c        0x8 ./main.o
                0x0000006c                uart_putc
 .text.uart_ischar
                0x00000074        0x6 ./main.o
                0x00000074                uart_ischar
 .text.uart_getc
                0x0000007a       0x62 ./main.o
                0x0000007a                uart_getc
 .text.uartPut  0x000000dc       0x44 ./main.o
                0x000000dc                uartPut
 .text.main     0x00000120      0x85c ./main.o
                0x00000120                main
 .text.bufferEq
                0x0000097c       0x4a ./main.o
                0x0000097c                bufferEq
 .text.wyj1Flash
                0x000009c6        0x2 ./main.o
                0x000009c6                wyj1Flash
 .text.libgcc   0x000009c8        0x0 c:/winavr-20100110/bin/../lib/gcc/avr/4.3.3/avr4\libgcc.a(_exit.o)
 .text.libgcc   0x000009c8        0x0 c:/winavr-20100110/bin/../lib/gcc/avr/4.3.3/avr4\libgcc.a(_copy_data.o)
 .text.libgcc   0x000009c8        0x0 c:/winavr-20100110/bin/../lib/gcc/avr/4.3.3/avr4\libgcc.a(_clear_bss.o)
                0x000009c8                . = ALIGN (0x2)
 *(.fini9)
 .fini9         0x000009c8        0x0 c:/winavr-20100110/bin/../lib/gcc/avr/4.3.3/avr4\libgcc.a(_exit.o)
                0x000009c8                exit
                0x000009c8                _exit
 *(.fini9)
 *(.fini8)
 *(.fini8)
 *(.fini7)
 *(.fini7)
 *(.fini6)
 *(.fini6)
 *(.fini5)
 *(.fini5)
 *(.fini4)
 *(.fini4)
 *(.fini3)
 *(.fini3)
 *(.fini2)
 *(.fini2)
 *(.fini1)
 *(.fini1)
 *(.fini0)
 .fini0         0x000009c8        0x4 c:/winavr-20100110/bin/../lib/gcc/avr/4.3.3/avr4\libgcc.a(_exit.o)
 *(.fini0)
                0x000009cc                _etext = .

.data           0x00800060      0x178 load address 0x000009cc
                0x00800060                PROVIDE (__data_start, .)
 *(.data)
 .data          0x00800060        0x0 c:/winavr-20100110/bin/../lib/gcc/avr/4.3.3/../../../../avr/lib/avr4/crtm8.o
 .data          0x00800060        0x0 ./main.o
 .data          0x00800060        0x0 c:/winavr-20100110/bin/../lib/gcc/avr/4.3.3/avr4\libgcc.a(_exit.o)
 .data          0x00800060        0x0 c:/winavr-20100110/bin/../lib/gcc/avr/4.3.3/avr4\libgcc.a(_copy_data.o)
 .data          0x00800060        0x0 c:/winavr-20100110/bin/../lib/gcc/avr/4.3.3/avr4\libgcc.a(_clear_bss.o)
 *(.data*)
 .data.event    0x00800060        0x2 ./main.o
                0x00800060                event
 .data.firstRun
                0x00800062        0x2 ./main.o
                0x00800062                firstRun
 .data.dawaj    0x00800064        0x2 ./main.o
                0x00800064                dawaj
 *(.rodata)
 *(.rodata*)
 .rodata.C.68.1538
                0x00800066       0x1a ./main.o
 .rodata.C.66.1535
                0x00800080       0x1a ./main.o
 .rodata.C.64.1532
                0x0080009a       0x1a ./main.o
 .rodata.C.62.1529
                0x008000b4       0x1a ./main.o
 .rodata.C.60.1526
                0x008000ce       0x1a ./main.o
 .rodata.C.58.1523
                0x008000e8       0x1a ./main.o
 .rodata.C.56.1520
                0x00800102       0x1a ./main.o
 .rodata.C.54.1517
                0x0080011c       0x1a ./main.o
 .rodata.C.52.1514
                0x00800136        0x7 ./main.o
 .rodata.C.47.1505
                0x0080013d        0x7 ./main.o
 .rodata.C.45.1502
                0x00800144        0x7 ./main.o
 .rodata.C.43.1499
                0x0080014b       0x15 ./main.o
 .rodata.C.40.1494
                0x00800160        0x7 ./main.o
 .rodata.C.38.1491
                0x00800167        0x7 ./main.o
 .rodata.C.34.1486
                0x0080016e       0x1a ./main.o
 .rodata.C.30.1481
                0x00800188        0x7 ./main.o
 .rodata.C.25.1475
                0x0080018f        0x7 ./main.o
 .rodata.C.22.1471
                0x00800196       0x1a ./main.o
 .rodata.C.16.1464
                0x008001b0        0x7 ./main.o
 .rodata.C.15.1463
                0x008001b7       0x1a ./main.o
 .rodata.C.8.1452
                0x008001d1        0x7 ./main.o
 *(.gnu.linkonce.d*)
                0x008001d8                . = ALIGN (0x2)
                0x008001d8                _edata = .
                0x008001d8                PROVIDE (__data_end, .)

.bss            0x008001d8       0xc6
                0x008001d8                PROVIDE (__bss_start, .)
 *(.bss)
 .bss           0x008001d8        0x0 c:/winavr-20100110/bin/../lib/gcc/avr/4.3.3/../../../../avr/lib/avr4/crtm8.o
 .bss           0x008001d8        0x0 ./main.o
 .bss           0x008001d8        0x0 c:/winavr-20100110/bin/../lib/gcc/avr/4.3.3/avr4\libgcc.a(_exit.o)
 .bss           0x008001d8        0x0 c:/winavr-20100110/bin/../lib/gcc/avr/4.3.3/avr4\libgcc.a(_copy_data.o)
 .bss           0x008001d8        0x0 c:/winavr-20100110/bin/../lib/gcc/avr/4.3.3/avr4\libgcc.a(_clear_bss.o)
 *(.bss*)
 .bss.bank      0x008001d8        0x2 ./main.o
                0x008001d8                bank
 .bss.d         0x008001da        0x2 ./main.o
                0x008001da                d
 .bss.g         0x008001dc        0x2 ./main.o
                0x008001dc                g
 .bss.i         0x008001de        0x2 ./main.o
                0x008001de                i
 .bss.counter   0x008001e0        0x2 ./main.o
                0x008001e0                counter
 .bss.n1        0x008001e2        0x2 ./main.o
                0x008001e2                n1
 .bss.m1        0x008001e4        0x2 ./main.o
                0x008001e4                m1
 .bss.n2        0x008001e6        0x2 ./main.o
                0x008001e6                n2
 .bss.m2        0x008001e8        0x2 ./main.o
                0x008001e8                m2
 .bss.n3        0x008001ea        0x2 ./main.o
                0x008001ea                n3
 .bss.m3        0x008001ec        0x2 ./main.o
                0x008001ec                m3
 .bss.n4        0x008001ee        0x2 ./main.o
                0x008001ee                n4
 .bss.m4        0x008001f0        0x2 ./main.o
                0x008001f0                m4
 .bss.n5        0x008001f2        0x2 ./main.o
                0x008001f2                n5
 .bss.m5        0x008001f4        0x2 ./main.o
                0x008001f4                m5
 .bss.stop      0x008001f6        0x2 ./main.o
                0x008001f6                stop
 .bss.coin      0x008001f8        0x2 ./main.o
                0x008001f8                coin
 .bss.coinh     0x008001fa        0x2 ./main.o
                0x008001fa                coinh
 .bss.j         0x008001fc        0x2 ./main.o
                0x008001fc                j
 .bss.monety    0x008001fe        0x2 ./main.o
                0x008001fe                monety
 .bss.l1        0x00800200        0x2 ./main.o
                0x00800200                l1
 .bss.l2        0x00800202        0x2 ./main.o
                0x00800202                l2
 .bss.l3        0x00800204        0x2 ./main.o
                0x00800204                l3
 .bss.l4        0x00800206        0x2 ./main.o
                0x00800206                l4
 .bss.l5        0x00800208        0x2 ./main.o
                0x00800208                l5
 .bss.l6        0x0080020a        0x2 ./main.o
                0x0080020a                l6
 .bss.l7        0x0080020c        0x2 ./main.o
                0x0080020c                l7
 .bss.l8        0x0080020e        0x2 ./main.o
                0x0080020e                l8
 .bss.bezwrzutnika
                0x00800210        0x2 ./main.o
                0x00800210                bezwrzutnika
 .bss.start     0x00800212        0x2 ./main.o
                0x00800212                start
 .bss.czascoin  0x00800214        0x2 ./main.o
                0x00800214                czascoin
 .bss.banknot   0x00800216        0x2 ./main.o
                0x00800216                banknot
 .bss.step      0x00800218        0x2 ./main.o
                0x00800218                step
 .bss.startnabij
                0x0080021a        0x2 ./main.o
                0x0080021a                startnabij
 .bss.bandalej  0x0080021c        0x2 ./main.o
                0x0080021c                bandalej
 .bss.banknoty  0x0080021e        0x2 ./main.o
                0x0080021e                banknoty
 *(COMMON)
 COMMON         0x00800220       0x7e ./main.o
                0x00800220                buffers
                0x0080024a                buffer
                0x00800274                bufferOld
                0x0080029e                PROVIDE (__bss_end, .)
                0x000009cc                __data_load_start = LOADADDR (.data)
                0x00000b44                __data_load_end = (__data_load_start + SIZEOF (.data))

.noinit         0x0080029e        0x0
                0x0080029e                PROVIDE (__noinit_start, .)
 *(.noinit*)
                0x0080029e                PROVIDE (__noinit_end, .)
                0x0080029e                _end = .
                0x0080029e                PROVIDE (__heap_start, .)

.eeprom         0x00810000        0x0
 *(.eeprom*)
                0x00810000                __eeprom_end = .

.fuse
 *(.fuse)
 *(.lfuse)
 *(.hfuse)
 *(.efuse)

.lock
 *(.lock*)

.signature
 *(.signature*)

.stab
 *(.stab)

.stabstr
 *(.stabstr)

.stab.excl
 *(.stab.excl)

.stab.exclstr
 *(.stab.exclstr)

.stab.index
 *(.stab.index)

.stab.indexstr
 *(.stab.indexstr)

.comment
 *(.comment)

.debug
 *(.debug)

.line
 *(.line)

.debug_srcinfo
 *(.debug_srcinfo)

.debug_sfnames
 *(.debug_sfnames)

.debug_aranges
 *(.debug_aranges)

.debug_pubnames
 *(.debug_pubnames)

.debug_info
 *(.debug_info)
 *(.gnu.linkonce.wi.*)

.debug_abbrev
 *(.debug_abbrev)

.debug_line
 *(.debug_line)

.debug_frame
 *(.debug_frame)

.debug_str
 *(.debug_str)

.debug_loc
 *(.debug_loc)

.debug_macinfo
 *(.debug_macinfo)
OUTPUT(034_apollo_uba_pl_pytajnik.elf elf32-avr)
LOAD linker stubs
