Archive member included because of file (symbol)

c:/winavr-20100110/bin/../lib/gcc/avr/4.3.3/avr5\libgcc.a(_exit.o)
                              c:/winavr-20100110/bin/../lib/gcc/avr/4.3.3/../../../../avr/lib/avr5/crtm16.o (exit)
c:/winavr-20100110/bin/../lib/gcc/avr/4.3.3/avr5\libgcc.a(_clear_bss.o)
                              ./Caffe.o (__do_clear_bss)

Allocating common symbols
Common symbol       size              file

pause               0x1               ./Caffe.o
Tmp_time_hopper_high
                    0x2               ./Caffe.o
FL_Hopper_time      0x1               ./Caffe.o
com_money_twenty    0x1               ./Caffe.o
com_payout_button   0x1               ./Caffe.o
FLAGA_Send          0x1               ./Caffe.o
FL_pilotes          0x1               ./Caffe.o
commandBuffer       0x32              ./Caffe.o
FL_PAYOUT           0x1               ./Caffe.o
delayCounts         0x2               ./Caffe.o
com_money_fifty     0x1               ./Caffe.o
com_nabijKredyt     0x1               ./Caffe.o
com_start_automat   0x1               ./Caffe.o
com_off_value       0x1               ./Caffe.o
command             0x1               ./Caffe.o
FL_Nabij            0x1               ./Caffe.o
sended              0x1               ./Caffe.o
FL_SCREEN           0x1               ./Caffe.o
FL_Hopper_UP        0x2               ./Caffe.o
com_caffe_is        0x1               ./Caffe.o
com_money_two       0x1               ./Caffe.o
com_caffe_on        0x1               ./Caffe.o
Tmp_time_hopper_low
                    0x2               ./Caffe.o
CAFFE_ON            0x1               ./Caffe.o
com_key_switch      0x1               ./Caffe.o
FL_Settings_automat
                    0x1               ./Caffe.o
com_money_hundred   0x1               ./Caffe.o
time_hopper         0x2               ./Caffe.o
FL_keySwitch        0x1               ./Caffe.o
com_payout          0x1               ./Caffe.o
com_disp            0x1               ./Caffe.o
com_money_one       0x1               ./Caffe.o
Tmp_time_payout     0x2               ./Caffe.o
FL_automatOn        0x1               ./Caffe.o
FL_Hopper_DOWN      0x2               ./Caffe.o
FL_SA               0x1               ./Caffe.o
receive             0x1               ./Caffe.o
buffer_size         0x1               ./Caffe.o
com_money_ten       0x1               ./Caffe.o
com_disp_caffe      0x1               ./Caffe.o
FL_HOPPER           0x1               ./Caffe.o
FL_start            0x1               ./Caffe.o
com_money_five      0x1               ./Caffe.o
FL_Caffe            0x1               ./Caffe.o
money_pulses        0x2               ./Caffe.o
FL_START_PAYOUT     0x1               ./Caffe.o

Memory Configuration

Name             Origin             Length             Attributes
text             0x00000000         0x00020000         xr
data             0x00800060         0x0000ffa0         rw !x
eeprom           0x00810000         0x00010000         rw !x
fuse             0x00820000         0x00000400         rw !x
lock             0x00830000         0x00000400         rw !x
signature        0x00840000         0x00000400         rw !x
*default*        0x00000000         0xffffffff

Linker script and memory map

LOAD c:/winavr-20100110/bin/../lib/gcc/avr/4.3.3/../../../../avr/lib/avr5/crtm16.o
LOAD ./Caffe.o
LOAD ./main.o
LOAD c:/winavr-20100110/bin/../lib/gcc/avr/4.3.3/avr5\libgcc.a
LOAD c:/winavr-20100110/bin/../lib/gcc/avr/4.3.3/../../../../avr/lib/avr5\libc.a
LOAD c:/winavr-20100110/bin/../lib/gcc/avr/4.3.3/avr5\libgcc.a

.hash
 *(.hash)

.dynsym
 *(.dynsym)

.dynstr
 *(.dynstr)

.gnu.version
 *(.gnu.version)

.gnu.version_d
 *(.gnu.version_d)

.gnu.version_r
 *(.gnu.version_r)

.rel.init
 *(.rel.init)

.rela.init
 *(.rela.init)

.rel.text
 *(.rel.text)
 *(.rel.text.*)
 *(.rel.gnu.linkonce.t*)

.rela.text
 *(.rela.text)
 *(.rela.text.*)
 *(.rela.gnu.linkonce.t*)

.rel.fini
 *(.rel.fini)

.rela.fini
 *(.rela.fini)

.rel.rodata
 *(.rel.rodata)
 *(.rel.rodata.*)
 *(.rel.gnu.linkonce.r*)

.rela.rodata
 *(.rela.rodata)
 *(.rela.rodata.*)
 *(.rela.gnu.linkonce.r*)

.rel.data
 *(.rel.data)
 *(.rel.data.*)
 *(.rel.gnu.linkonce.d*)

.rela.data
 *(.rela.data)
 *(.rela.data.*)
 *(.rela.gnu.linkonce.d*)

.rel.ctors
 *(.rel.ctors)

.rela.ctors
 *(.rela.ctors)

.rel.dtors
 *(.rel.dtors)

.rela.dtors
 *(.rela.dtors)

.rel.got
 *(.rel.got)

.rela.got
 *(.rela.got)

.rel.bss
 *(.rel.bss)

.rela.bss
 *(.rela.bss)

.rel.plt
 *(.rel.plt)

.rela.plt
 *(.rela.plt)

.text           0x00000000      0x994
 *(.vectors)
 .vectors       0x00000000       0x54 c:/winavr-20100110/bin/../lib/gcc/avr/4.3.3/../../../../avr/lib/avr5/crtm16.o
                0x00000000                __vectors
                0x00000000                __vector_default
 *(.vectors)
 *(.progmem.gcc*)
 *(.progmem*)
                0x00000054                . = ALIGN (0x2)
                0x00000054                __trampolines_start = .
 *(.trampolines)
 .trampolines   0x00000054        0x0 linker stubs
 *(.trampolines*)
                0x00000054                __trampolines_end = .
 *(.jumptables)
 *(.jumptables*)
 *(.lowtext)
 *(.lowtext*)
                0x00000054                __ctors_start = .
 *(.ctors)
                0x00000054                __ctors_end = .
                0x00000054                __dtors_start = .
 *(.dtors)
                0x00000054                __dtors_end = .
 SORT(*)(.ctors)
 SORT(*)(.dtors)
 *(.init0)
 .init0         0x00000054        0x0 c:/winavr-20100110/bin/../lib/gcc/avr/4.3.3/../../../../avr/lib/avr5/crtm16.o
                0x00000054                __init
 *(.init0)
 *(.init1)
 *(.init1)
 *(.init2)
 .init2         0x00000054        0xc c:/winavr-20100110/bin/../lib/gcc/avr/4.3.3/../../../../avr/lib/avr5/crtm16.o
 *(.init2)
 *(.init3)
 *(.init3)
 *(.init4)
 .init4         0x00000060       0x10 c:/winavr-20100110/bin/../lib/gcc/avr/4.3.3/avr5\libgcc.a(_clear_bss.o)
                0x00000060                __do_clear_bss
 *(.init4)
 *(.init5)
 *(.init5)
 *(.init6)
 *(.init6)
 *(.init7)
 *(.init7)
 *(.init8)
 *(.init8)
 *(.init9)
 .init9         0x00000070        0x8 c:/winavr-20100110/bin/../lib/gcc/avr/4.3.3/../../../../avr/lib/avr5/crtm16.o
 *(.init9)
 *(.text)
 .text          0x00000078        0x4 c:/winavr-20100110/bin/../lib/gcc/avr/4.3.3/../../../../avr/lib/avr5/crtm16.o
                0x00000078                __vector_1
                0x00000078                __vector_12
                0x00000078                __bad_interrupt
                0x00000078                __vector_6
                0x00000078                __vector_3
                0x00000078                __vector_11
                0x00000078                __vector_13
                0x00000078                __vector_17
                0x00000078                __vector_19
                0x00000078                __vector_7
                0x00000078                __vector_5
                0x00000078                __vector_4
                0x00000078                __vector_9
                0x00000078                __vector_2
                0x00000078                __vector_15
                0x00000078                __vector_8
                0x00000078                __vector_14
                0x00000078                __vector_10
                0x00000078                __vector_16
                0x00000078                __vector_18
                0x00000078                __vector_20
 .text          0x0000007c        0x0 ./Caffe.o
 .text          0x0000007c        0x0 ./main.o
 .text          0x0000007c        0x0 c:/winavr-20100110/bin/../lib/gcc/avr/4.3.3/avr5\libgcc.a(_exit.o)
 .text          0x0000007c        0x0 c:/winavr-20100110/bin/../lib/gcc/avr/4.3.3/avr5\libgcc.a(_clear_bss.o)
                0x0000007c                . = ALIGN (0x2)
 *(.text.*)
 .text.Settings_automat
                0x0000007c       0x64 ./Caffe.o
                0x0000007c                Settings_automat
 .text.Settings
                0x000000e0       0x6a ./Caffe.o
                0x000000e0                Settings
 .text.PayOut   0x0000014a       0x4e ./Caffe.o
                0x0000014a                PayOut
 .text.Hopper_down
                0x00000198       0x66 ./Caffe.o
                0x00000198                Hopper_down
 .text.Hopper_up
                0x000001fe       0x54 ./Caffe.o
                0x000001fe                Hopper_up
 .text.Hopper_control
                0x00000252        0xa ./Caffe.o
                0x00000252                Hopper_control
 .text.Emulate_Hopper
                0x0000025c       0x72 ./Caffe.o
                0x0000025c                Emulate_Hopper
 .text.SendMoneyRasp
                0x000002ce      0x1ec ./Caffe.o
                0x000002ce                SendMoneyRasp
 .text.Disp_automat
                0x000004ba       0x22 ./Caffe.o
                0x000004ba                Disp_automat
 .text.Disp_caffe
                0x000004dc       0x22 ./Caffe.o
                0x000004dc                Disp_caffe
 .text.Start_Nabij
                0x000004fe       0x58 ./Caffe.o
                0x000004fe                Start_Nabij
 .text.Caffe    0x00000556       0x22 ./Caffe.o
                0x00000556                Caffe
 .text.ioInit   0x00000578       0x72 ./main.o
                0x00000578                ioInit
 .text.switchOn
                0x000005ea       0x64 ./main.o
                0x000005ea                switchOn
 .text.sendCommand
                0x0000064e       0xbc ./main.o
                0x0000064e                sendCommand
 .text.receiveCommand
                0x0000070a       0x92 ./main.o
                0x0000070a                receiveCommand
 .text.initSettings
                0x0000079c       0x4a ./main.o
                0x0000079c                initSettings
 .text.configurationInit
                0x000007e6      0x138 ./main.o
                0x000007e6                configurationInit
 .text.main     0x0000091e       0x72 ./main.o
                0x0000091e                main
 .text.libgcc   0x00000990        0x0 c:/winavr-20100110/bin/../lib/gcc/avr/4.3.3/avr5\libgcc.a(_exit.o)
 .text.libgcc   0x00000990        0x0 c:/winavr-20100110/bin/../lib/gcc/avr/4.3.3/avr5\libgcc.a(_clear_bss.o)
                0x00000990                . = ALIGN (0x2)
 *(.fini9)
 .fini9         0x00000990        0x0 c:/winavr-20100110/bin/../lib/gcc/avr/4.3.3/avr5\libgcc.a(_exit.o)
                0x00000990                exit
                0x00000990                _exit
 *(.fini9)
 *(.fini8)
 *(.fini8)
 *(.fini7)
 *(.fini7)
 *(.fini6)
 *(.fini6)
 *(.fini5)
 *(.fini5)
 *(.fini4)
 *(.fini4)
 *(.fini3)
 *(.fini3)
 *(.fini2)
 *(.fini2)
 *(.fini1)
 *(.fini1)
 *(.fini0)
 .fini0         0x00000990        0x4 c:/winavr-20100110/bin/../lib/gcc/avr/4.3.3/avr5\libgcc.a(_exit.o)
 *(.fini0)
                0x00000994                _etext = .

.data           0x00800060        0x0 load address 0x00000994
                0x00800060                PROVIDE (__data_start, .)
 *(.data)
 .data          0x00800060        0x0 c:/winavr-20100110/bin/../lib/gcc/avr/4.3.3/../../../../avr/lib/avr5/crtm16.o
 .data          0x00800060        0x0 ./Caffe.o
 .data          0x00800060        0x0 ./main.o
 .data          0x00800060        0x0 c:/winavr-20100110/bin/../lib/gcc/avr/4.3.3/avr5\libgcc.a(_exit.o)
 .data          0x00800060        0x0 c:/winavr-20100110/bin/../lib/gcc/avr/4.3.3/avr5\libgcc.a(_clear_bss.o)
 *(.data*)
 *(.rodata)
 *(.rodata*)
 *(.gnu.linkonce.d*)
                0x00800060                . = ALIGN (0x2)
                0x00800060                _edata = .
                0x00800060                PROVIDE (__data_end, .)

.bss            0x00800060       0x67
                0x00800060                PROVIDE (__bss_start, .)
 *(.bss)
 .bss           0x00800060        0x0 c:/winavr-20100110/bin/../lib/gcc/avr/4.3.3/../../../../avr/lib/avr5/crtm16.o
 .bss           0x00800060        0x0 ./Caffe.o
 .bss           0x00800060        0x0 ./main.o
 .bss           0x00800060        0x0 c:/winavr-20100110/bin/../lib/gcc/avr/4.3.3/avr5\libgcc.a(_exit.o)
 .bss           0x00800060        0x0 c:/winavr-20100110/bin/../lib/gcc/avr/4.3.3/avr5\libgcc.a(_clear_bss.o)
 *(.bss*)
 *(COMMON)
 COMMON         0x00800060       0x67 ./Caffe.o
                0x00800060                pause
                0x00800061                Tmp_time_hopper_high
                0x00800063                FL_Hopper_time
                0x00800064                com_money_twenty
                0x00800065                com_payout_button
                0x00800066                FLAGA_Send
                0x00800067                FL_pilotes
                0x00800068                commandBuffer
                0x0080009a                FL_PAYOUT
                0x0080009b                delayCounts
                0x0080009d                com_money_fifty
                0x0080009e                com_nabijKredyt
                0x0080009f                com_start_automat
                0x008000a0                com_off_value
                0x008000a1                command
                0x008000a2                FL_Nabij
                0x008000a3                sended
                0x008000a4                FL_SCREEN
                0x008000a5                FL_Hopper_UP
                0x008000a7                com_caffe_is
                0x008000a8                com_money_two
                0x008000a9                com_caffe_on
                0x008000aa                Tmp_time_hopper_low
                0x008000ac                CAFFE_ON
                0x008000ad                com_key_switch
                0x008000ae                FL_Settings_automat
                0x008000af                com_money_hundred
                0x008000b0                time_hopper
                0x008000b2                FL_keySwitch
                0x008000b3                com_payout
                0x008000b4                com_disp
                0x008000b5                com_money_one
                0x008000b6                Tmp_time_payout
                0x008000b8                FL_automatOn
                0x008000b9                FL_Hopper_DOWN
                0x008000bb                FL_SA
                0x008000bc                receive
                0x008000bd                buffer_size
                0x008000be                com_money_ten
                0x008000bf                com_disp_caffe
                0x008000c0                FL_HOPPER
                0x008000c1                FL_start
                0x008000c2                com_money_five
                0x008000c3                FL_Caffe
                0x008000c4                money_pulses
                0x008000c6                FL_START_PAYOUT
                0x008000c7                PROVIDE (__bss_end, .)
                0x00000994                __data_load_start = LOADADDR (.data)
                0x00000994                __data_load_end = (__data_load_start + SIZEOF (.data))

.noinit         0x008000c7        0x0
                0x008000c7                PROVIDE (__noinit_start, .)
 *(.noinit*)
                0x008000c7                PROVIDE (__noinit_end, .)
                0x008000c7                _end = .
                0x008000c7                PROVIDE (__heap_start, .)

.eeprom         0x00810000        0x0
 *(.eeprom*)
                0x00810000                __eeprom_end = .

.fuse
 *(.fuse)
 *(.lfuse)
 *(.hfuse)
 *(.efuse)

.lock
 *(.lock*)

.signature
 *(.signature*)

.stab
 *(.stab)

.stabstr
 *(.stabstr)

.stab.excl
 *(.stab.excl)

.stab.exclstr
 *(.stab.exclstr)

.stab.index
 *(.stab.index)

.stab.indexstr
 *(.stab.indexstr)

.comment
 *(.comment)

.debug
 *(.debug)

.line
 *(.line)

.debug_srcinfo
 *(.debug_srcinfo)

.debug_sfnames
 *(.debug_sfnames)

.debug_aranges
 *(.debug_aranges)

.debug_pubnames
 *(.debug_pubnames)

.debug_info
 *(.debug_info)
 *(.gnu.linkonce.wi.*)

.debug_abbrev
 *(.debug_abbrev)

.debug_line
 *(.debug_line)

.debug_frame
 *(.debug_frame)

.debug_str
 *(.debug_str)

.debug_loc
 *(.debug_loc)

.debug_macinfo
 *(.debug_macinfo)
OUTPUT(029_Inter_Caffe_1.3.elf elf32-avr)
LOAD linker stubs
