Archive member included because of file (symbol)

c:/winavr-20100110/bin/../lib/gcc/avr/4.3.3/avr4\libgcc.a(_exit.o)
                              c:/winavr-20100110/bin/../lib/gcc/avr/4.3.3/../../../../avr/lib/avr4/crtm8.o (exit)
c:/winavr-20100110/bin/../lib/gcc/avr/4.3.3/avr4\libgcc.a(_copy_data.o)
                              ./main.o (__do_copy_data)
c:/winavr-20100110/bin/../lib/gcc/avr/4.3.3/avr4\libgcc.a(_clear_bss.o)
                              ./main.o (__do_clear_bss)

Allocating common symbols
Common symbol       size              file

buffers             0x2a              ./main.o
buffer              0x2a              ./main.o

Memory Configuration

Name             Origin             Length             Attributes
text             0x00000000         0x00002000         xr
data             0x00800060         0x0000ffa0         rw !x
eeprom           0x00810000         0x00010000         rw !x
fuse             0x00820000         0x00000400         rw !x
lock             0x00830000         0x00000400         rw !x
signature        0x00840000         0x00000400         rw !x
*default*        0x00000000         0xffffffff

Linker script and memory map

LOAD c:/winavr-20100110/bin/../lib/gcc/avr/4.3.3/../../../../avr/lib/avr4/crtm8.o
LOAD ./HD44780.o
LOAD ./main.o
LOAD c:/winavr-20100110/bin/../lib/gcc/avr/4.3.3/avr4\libgcc.a
LOAD c:/winavr-20100110/bin/../lib/gcc/avr/4.3.3/../../../../avr/lib/avr4\libc.a
LOAD c:/winavr-20100110/bin/../lib/gcc/avr/4.3.3/avr4\libgcc.a

.hash
 *(.hash)

.dynsym
 *(.dynsym)

.dynstr
 *(.dynstr)

.gnu.version
 *(.gnu.version)

.gnu.version_d
 *(.gnu.version_d)

.gnu.version_r
 *(.gnu.version_r)

.rel.init
 *(.rel.init)

.rela.init
 *(.rela.init)

.rel.text
 *(.rel.text)
 *(.rel.text.*)
 *(.rel.gnu.linkonce.t*)

.rela.text
 *(.rela.text)
 *(.rela.text.*)
 *(.rela.gnu.linkonce.t*)

.rel.fini
 *(.rel.fini)

.rela.fini
 *(.rela.fini)

.rel.rodata
 *(.rel.rodata)
 *(.rel.rodata.*)
 *(.rel.gnu.linkonce.r*)

.rela.rodata
 *(.rela.rodata)
 *(.rela.rodata.*)
 *(.rela.gnu.linkonce.r*)

.rel.data
 *(.rel.data)
 *(.rel.data.*)
 *(.rel.gnu.linkonce.d*)

.rela.data
 *(.rela.data)
 *(.rela.data.*)
 *(.rela.gnu.linkonce.d*)

.rel.ctors
 *(.rel.ctors)

.rela.ctors
 *(.rela.ctors)

.rel.dtors
 *(.rel.dtors)

.rela.dtors
 *(.rela.dtors)

.rel.got
 *(.rel.got)

.rela.got
 *(.rela.got)

.rel.bss
 *(.rel.bss)

.rela.bss
 *(.rela.bss)

.rel.plt
 *(.rel.plt)

.rela.plt
 *(.rela.plt)

.text           0x00000000     0x1caa
 *(.vectors)
 .vectors       0x00000000       0x26 c:/winavr-20100110/bin/../lib/gcc/avr/4.3.3/../../../../avr/lib/avr4/crtm8.o
                0x00000000                __vectors
                0x00000000                __vector_default
 *(.vectors)
 *(.progmem.gcc*)
 *(.progmem*)
                0x00000026                . = ALIGN (0x2)
                0x00000026                __trampolines_start = .
 *(.trampolines)
 .trampolines   0x00000026        0x0 linker stubs
 *(.trampolines*)
                0x00000026                __trampolines_end = .
 *(.jumptables)
 *(.jumptables*)
 *(.lowtext)
 *(.lowtext*)
                0x00000026                __ctors_start = .
 *(.ctors)
                0x00000026                __ctors_end = .
                0x00000026                __dtors_start = .
 *(.dtors)
                0x00000026                __dtors_end = .
 SORT(*)(.ctors)
 SORT(*)(.dtors)
 *(.init0)
 .init0         0x00000026        0x0 c:/winavr-20100110/bin/../lib/gcc/avr/4.3.3/../../../../avr/lib/avr4/crtm8.o
                0x00000026                __init
 *(.init0)
 *(.init1)
 *(.init1)
 *(.init2)
 .init2         0x00000026        0xc c:/winavr-20100110/bin/../lib/gcc/avr/4.3.3/../../../../avr/lib/avr4/crtm8.o
 *(.init2)
 *(.init3)
 *(.init3)
 *(.init4)
 .init4         0x00000032       0x16 c:/winavr-20100110/bin/../lib/gcc/avr/4.3.3/avr4\libgcc.a(_copy_data.o)
                0x00000032                __do_copy_data
 .init4         0x00000048       0x10 c:/winavr-20100110/bin/../lib/gcc/avr/4.3.3/avr4\libgcc.a(_clear_bss.o)
                0x00000048                __do_clear_bss
 *(.init4)
 *(.init5)
 *(.init5)
 *(.init6)
 *(.init6)
 *(.init7)
 *(.init7)
 *(.init8)
 *(.init8)
 *(.init9)
 .init9         0x00000058        0x4 c:/winavr-20100110/bin/../lib/gcc/avr/4.3.3/../../../../avr/lib/avr4/crtm8.o
 *(.init9)
 *(.text)
 .text          0x0000005c        0x2 c:/winavr-20100110/bin/../lib/gcc/avr/4.3.3/../../../../avr/lib/avr4/crtm8.o
                0x0000005c                __vector_1
                0x0000005c                __vector_12
                0x0000005c                __bad_interrupt
                0x0000005c                __vector_6
                0x0000005c                __vector_3
                0x0000005c                __vector_11
                0x0000005c                __vector_13
                0x0000005c                __vector_17
                0x0000005c                __vector_7
                0x0000005c                __vector_5
                0x0000005c                __vector_4
                0x0000005c                __vector_9
                0x0000005c                __vector_2
                0x0000005c                __vector_15
                0x0000005c                __vector_8
                0x0000005c                __vector_14
                0x0000005c                __vector_10
                0x0000005c                __vector_16
                0x0000005c                __vector_18
 .text          0x0000005e        0x0 ./HD44780.o
 .text          0x0000005e        0x0 ./main.o
 .text          0x0000005e        0x0 c:/winavr-20100110/bin/../lib/gcc/avr/4.3.3/avr4\libgcc.a(_exit.o)
 .text          0x0000005e        0x0 c:/winavr-20100110/bin/../lib/gcc/avr/4.3.3/avr4\libgcc.a(_copy_data.o)
 .text          0x0000005e        0x0 c:/winavr-20100110/bin/../lib/gcc/avr/4.3.3/avr4\libgcc.a(_clear_bss.o)
                0x0000005e                . = ALIGN (0x2)
 *(.text.*)
 .text._LCD_OutNibble
                0x0000005e       0x2a ./HD44780.o
                0x0000005e                _LCD_OutNibble
 .text._LCD_Write
                0x00000088       0x20 ./HD44780.o
                0x00000088                _LCD_Write
 .text.LCD_WriteCommand
                0x000000a8        0x6 ./HD44780.o
                0x000000a8                LCD_WriteCommand
 .text.LCD_WriteData
                0x000000ae        0x6 ./HD44780.o
                0x000000ae                LCD_WriteData
 .text.LCD_WriteText
                0x000000b4       0x18 ./HD44780.o
                0x000000b4                LCD_WriteText
 .text.LCD_GoTo
                0x000000cc       0x12 ./HD44780.o
                0x000000cc                LCD_GoTo
 .text.LCD_Clear
                0x000000de        0xe ./HD44780.o
                0x000000de                LCD_Clear
 .text.LCD_Home
                0x000000ec        0xe ./HD44780.o
                0x000000ec                LCD_Home
 .text.LCD_Initalize
                0x000000fa       0x6c ./HD44780.o
                0x000000fa                LCD_Initalize
 .text.uart_init
                0x00000166        0xe ./main.o
                0x00000166                uart_init
 .text.uart_putc
                0x00000174        0x8 ./main.o
                0x00000174                uart_putc
 .text.uart_ischar
                0x0000017c        0x6 ./main.o
                0x0000017c                uart_ischar
 .text.uart_getc
                0x00000182        0x8 ./main.o
                0x00000182                uart_getc
 .text.uartPut  0x0000018a       0x44 ./main.o
                0x0000018a                uartPut
 .text.uartPutz
                0x000001ce      0x100 ./main.o
                0x000001ce                uartPutz
 .text.uart_putc_s
                0x000002ce       0x6a ./main.o
                0x000002ce                uart_putc_s
 .text.uartPutS
                0x00000338       0x62 ./main.o
                0x00000338                uartPutS
 .text.czytaj_bajt
                0x0000039a      0x1a4 ./main.o
                0x0000039a                czytaj_bajt
 .text.main     0x0000053e     0x1768 ./main.o
                0x0000053e                main
 .text.libgcc   0x00001ca6        0x0 c:/winavr-20100110/bin/../lib/gcc/avr/4.3.3/avr4\libgcc.a(_exit.o)
 .text.libgcc   0x00001ca6        0x0 c:/winavr-20100110/bin/../lib/gcc/avr/4.3.3/avr4\libgcc.a(_copy_data.o)
 .text.libgcc   0x00001ca6        0x0 c:/winavr-20100110/bin/../lib/gcc/avr/4.3.3/avr4\libgcc.a(_clear_bss.o)
                0x00001ca6                . = ALIGN (0x2)
 *(.fini9)
 .fini9         0x00001ca6        0x0 c:/winavr-20100110/bin/../lib/gcc/avr/4.3.3/avr4\libgcc.a(_exit.o)
                0x00001ca6                exit
                0x00001ca6                _exit
 *(.fini9)
 *(.fini8)
 *(.fini8)
 *(.fini7)
 *(.fini7)
 *(.fini6)
 *(.fini6)
 *(.fini5)
 *(.fini5)
 *(.fini4)
 *(.fini4)
 *(.fini3)
 *(.fini3)
 *(.fini2)
 *(.fini2)
 *(.fini1)
 *(.fini1)
 *(.fini0)
 .fini0         0x00001ca6        0x4 c:/winavr-20100110/bin/../lib/gcc/avr/4.3.3/avr4\libgcc.a(_exit.o)
 *(.fini0)
                0x00001caa                _etext = .

.data           0x00800060      0x13c load address 0x00001caa
                0x00800060                PROVIDE (__data_start, .)
 *(.data)
 .data          0x00800060        0x0 c:/winavr-20100110/bin/../lib/gcc/avr/4.3.3/../../../../avr/lib/avr4/crtm8.o
 .data          0x00800060        0x0 ./HD44780.o
 .data          0x00800060        0x0 ./main.o
 .data          0x00800060        0x0 c:/winavr-20100110/bin/../lib/gcc/avr/4.3.3/avr4\libgcc.a(_exit.o)
 .data          0x00800060        0x0 c:/winavr-20100110/bin/../lib/gcc/avr/4.3.3/avr4\libgcc.a(_copy_data.o)
 .data          0x00800060        0x0 c:/winavr-20100110/bin/../lib/gcc/avr/4.3.3/avr4\libgcc.a(_clear_bss.o)
 *(.data*)
 .data.event    0x00800060        0x2 ./main.o
                0x00800060                event
 .data.firstRun
                0x00800062        0x2 ./main.o
                0x00800062                firstRun
 .data.dawaj    0x00800064        0x2 ./main.o
                0x00800064                dawaj
 .data.kolejny  0x00800066        0x2 ./main.o
                0x00800066                kolejny
 .data.dawajek  0x00800068        0x2 ./main.o
                0x00800068                dawajek
 *(.rodata)
 *(.rodata*)
 .rodata.C.105.1673
                0x0080006a       0x1a ./main.o
 .rodata.C.103.1670
                0x00800084       0x1a ./main.o
 .rodata.C.101.1667
                0x0080009e       0x1a ./main.o
 .rodata.C.99.1664
                0x008000b8       0x1a ./main.o
 .rodata.C.97.1661
                0x008000d2       0x1a ./main.o
 .rodata.C.95.1658
                0x008000ec       0x1a ./main.o
 .rodata.C.93.1655
                0x00800106       0x1a ./main.o
 .rodata.C.91.1652
                0x00800120       0x1a ./main.o
 .rodata.C.85.1637
                0x0080013a        0x7 ./main.o
 .rodata.C.80.1628
                0x00800141        0x7 ./main.o
 .rodata.C.78.1625
                0x00800148        0x7 ./main.o
 .rodata.C.76.1622
                0x0080014f        0x7 ./main.o
 .rodata.C.74.1619
                0x00800156        0x7 ./main.o
 .rodata.C.71.1615
                0x0080015d        0x7 ./main.o
 .rodata.C.69.1612
                0x00800164        0x7 ./main.o
 .rodata.C.67.1609
                0x0080016b       0x15 ./main.o
 .rodata.C.51.1582
                0x00800180        0x7 ./main.o
 .rodata.C.49.1579
                0x00800187        0x7 ./main.o
 .rodata.C.20.1542
                0x0080018e        0x7 ./main.o
 .rodata.C.8.1526
                0x00800195        0x7 ./main.o
 *(.gnu.linkonce.d*)
                0x0080019c                . = ALIGN (0x2)
                0x0080019c                _edata = .
                0x0080019c                PROVIDE (__data_end, .)

.bss            0x0080019c       0xa8
                0x0080019c                PROVIDE (__bss_start, .)
 *(.bss)
 .bss           0x0080019c        0x0 c:/winavr-20100110/bin/../lib/gcc/avr/4.3.3/../../../../avr/lib/avr4/crtm8.o
 .bss           0x0080019c        0x0 ./HD44780.o
 .bss           0x0080019c        0x0 ./main.o
 .bss           0x0080019c        0x0 c:/winavr-20100110/bin/../lib/gcc/avr/4.3.3/avr4\libgcc.a(_exit.o)
 .bss           0x0080019c        0x0 c:/winavr-20100110/bin/../lib/gcc/avr/4.3.3/avr4\libgcc.a(_copy_data.o)
 .bss           0x0080019c        0x0 c:/winavr-20100110/bin/../lib/gcc/avr/4.3.3/avr4\libgcc.a(_clear_bss.o)
 *(.bss*)
 .bss.bank      0x0080019c        0x2 ./main.o
                0x0080019c                bank
 .bss.d         0x0080019e        0x2 ./main.o
                0x0080019e                d
 .bss.g         0x008001a0        0x2 ./main.o
                0x008001a0                g
 .bss.i         0x008001a2        0x2 ./main.o
                0x008001a2                i
 .bss.counter   0x008001a4        0x2 ./main.o
                0x008001a4                counter
 .bss.n1        0x008001a6        0x2 ./main.o
                0x008001a6                n1
 .bss.m1        0x008001a8        0x2 ./main.o
                0x008001a8                m1
 .bss.n2        0x008001aa        0x2 ./main.o
                0x008001aa                n2
 .bss.m2        0x008001ac        0x2 ./main.o
                0x008001ac                m2
 .bss.n3        0x008001ae        0x2 ./main.o
                0x008001ae                n3
 .bss.m3        0x008001b0        0x2 ./main.o
                0x008001b0                m3
 .bss.n4        0x008001b2        0x2 ./main.o
                0x008001b2                n4
 .bss.m4        0x008001b4        0x2 ./main.o
                0x008001b4                m4
 .bss.n5        0x008001b6        0x2 ./main.o
                0x008001b6                n5
 .bss.m5        0x008001b8        0x2 ./main.o
                0x008001b8                m5
 .bss.stop      0x008001ba        0x2 ./main.o
                0x008001ba                stop
 .bss.coin      0x008001bc        0x2 ./main.o
                0x008001bc                coin
 .bss.coinh     0x008001be        0x2 ./main.o
                0x008001be                coinh
 .bss.j         0x008001c0        0x2 ./main.o
                0x008001c0                j
 .bss.monety    0x008001c2        0x2 ./main.o
                0x008001c2                monety
 .bss.l1        0x008001c4        0x2 ./main.o
                0x008001c4                l1
 .bss.l2        0x008001c6        0x2 ./main.o
                0x008001c6                l2
 .bss.l3        0x008001c8        0x2 ./main.o
                0x008001c8                l3
 .bss.l4        0x008001ca        0x2 ./main.o
                0x008001ca                l4
 .bss.l5        0x008001cc        0x2 ./main.o
                0x008001cc                l5
 .bss.l6        0x008001ce        0x2 ./main.o
                0x008001ce                l6
 .bss.l7        0x008001d0        0x2 ./main.o
                0x008001d0                l7
 .bss.l8        0x008001d2        0x2 ./main.o
                0x008001d2                l8
 .bss.bezwrzutnika
                0x008001d4        0x2 ./main.o
                0x008001d4                bezwrzutnika
 .bss.start     0x008001d6        0x2 ./main.o
                0x008001d6                start
 .bss.czascoin  0x008001d8        0x2 ./main.o
                0x008001d8                czascoin
 .bss.banknot   0x008001da        0x2 ./main.o
                0x008001da                banknot
 .bss.step      0x008001dc        0x2 ./main.o
                0x008001dc                step
 .bss.startnabij
                0x008001de        0x2 ./main.o
                0x008001de                startnabij
 .bss.bandalej  0x008001e0        0x2 ./main.o
                0x008001e0                bandalej
 .bss.banknoty  0x008001e2        0x2 ./main.o
                0x008001e2                banknoty
 .bss.c         0x008001e4        0x2 ./main.o
                0x008001e4                c
 .bss.starter   0x008001e6        0x2 ./main.o
                0x008001e6                starter
 .bss.stoosiem  0x008001e8        0x2 ./main.o
                0x008001e8                stoosiem
 .bss.punkty    0x008001ea        0x2 ./main.o
                0x008001ea                punkty
 .bss.FL_Key_switch
                0x008001ec        0x2 ./main.o
                0x008001ec                FL_Key_switch
 .bss.tmp_money
                0x008001ee        0x2 ./main.o
                0x008001ee                tmp_money
 *(COMMON)
 COMMON         0x008001f0       0x54 ./main.o
                0x008001f0                buffers
                0x0080021a                buffer
                0x00800244                PROVIDE (__bss_end, .)
                0x00001caa                __data_load_start = LOADADDR (.data)
                0x00001de6                __data_load_end = (__data_load_start + SIZEOF (.data))

.noinit         0x00800244        0x0
                0x00800244                PROVIDE (__noinit_start, .)
 *(.noinit*)
                0x00800244                PROVIDE (__noinit_end, .)
                0x00800244                _end = .
                0x00800244                PROVIDE (__heap_start, .)

.eeprom         0x00810000        0x0
 *(.eeprom*)
                0x00810000                __eeprom_end = .

.fuse
 *(.fuse)
 *(.lfuse)
 *(.hfuse)
 *(.efuse)

.lock
 *(.lock*)

.signature
 *(.signature*)

.stab
 *(.stab)

.stabstr
 *(.stabstr)

.stab.excl
 *(.stab.excl)

.stab.exclstr
 *(.stab.exclstr)

.stab.index
 *(.stab.index)

.stab.indexstr
 *(.stab.indexstr)

.comment
 *(.comment)

.debug
 *(.debug)

.line
 *(.line)

.debug_srcinfo
 *(.debug_srcinfo)

.debug_sfnames
 *(.debug_sfnames)

.debug_aranges
 *(.debug_aranges)

.debug_pubnames
 *(.debug_pubnames)

.debug_info
 *(.debug_info)
 *(.gnu.linkonce.wi.*)

.debug_abbrev
 *(.debug_abbrev)

.debug_line
 *(.debug_line)

.debug_frame
 *(.debug_frame)

.debug_str
 *(.debug_str)

.debug_loc
 *(.debug_loc)

.debug_macinfo
 *(.debug_macinfo)
OUTPUT(016_mei_apollo_pc_z_pulsem_z_kluczyka_buffor.elf elf32-avr)
LOAD linker stubs
