Archive member included because of file (symbol)

c:/winavr-20100110/bin/../lib/gcc/avr/4.3.3/avr4\libgcc.a(_exit.o)
                              c:/winavr-20100110/bin/../lib/gcc/avr/4.3.3/../../../../avr/lib/avr4/crtm8.o (exit)
c:/winavr-20100110/bin/../lib/gcc/avr/4.3.3/avr4\libgcc.a(_copy_data.o)
                              ./main.o (__do_copy_data)
c:/winavr-20100110/bin/../lib/gcc/avr/4.3.3/avr4\libgcc.a(_clear_bss.o)
                              ./main.o (__do_clear_bss)

Allocating common symbols
Common symbol       size              file

data                0x28              ./main.o

Memory Configuration

Name             Origin             Length             Attributes
text             0x00000000         0x00002000         xr
data             0x00800060         0x0000ffa0         rw !x
eeprom           0x00810000         0x00010000         rw !x
fuse             0x00820000         0x00000400         rw !x
lock             0x00830000         0x00000400         rw !x
signature        0x00840000         0x00000400         rw !x
*default*        0x00000000         0xffffffff

Linker script and memory map

LOAD c:/winavr-20100110/bin/../lib/gcc/avr/4.3.3/../../../../avr/lib/avr4/crtm8.o
LOAD ./main.o
LOAD c:/winavr-20100110/bin/../lib/gcc/avr/4.3.3/avr4\libgcc.a
LOAD c:/winavr-20100110/bin/../lib/gcc/avr/4.3.3/../../../../avr/lib/avr4\libc.a
LOAD c:/winavr-20100110/bin/../lib/gcc/avr/4.3.3/avr4\libgcc.a

.hash
 *(.hash)

.dynsym
 *(.dynsym)

.dynstr
 *(.dynstr)

.gnu.version
 *(.gnu.version)

.gnu.version_d
 *(.gnu.version_d)

.gnu.version_r
 *(.gnu.version_r)

.rel.init
 *(.rel.init)

.rela.init
 *(.rela.init)

.rel.text
 *(.rel.text)
 *(.rel.text.*)
 *(.rel.gnu.linkonce.t*)

.rela.text
 *(.rela.text)
 *(.rela.text.*)
 *(.rela.gnu.linkonce.t*)

.rel.fini
 *(.rel.fini)

.rela.fini
 *(.rela.fini)

.rel.rodata
 *(.rel.rodata)
 *(.rel.rodata.*)
 *(.rel.gnu.linkonce.r*)

.rela.rodata
 *(.rela.rodata)
 *(.rela.rodata.*)
 *(.rela.gnu.linkonce.r*)

.rel.data
 *(.rel.data)
 *(.rel.data.*)
 *(.rel.gnu.linkonce.d*)

.rela.data
 *(.rela.data)
 *(.rela.data.*)
 *(.rela.gnu.linkonce.d*)

.rel.ctors
 *(.rel.ctors)

.rela.ctors
 *(.rela.ctors)

.rel.dtors
 *(.rel.dtors)

.rela.dtors
 *(.rela.dtors)

.rel.got
 *(.rel.got)

.rela.got
 *(.rela.got)

.rel.bss
 *(.rel.bss)

.rela.bss
 *(.rela.bss)

.rel.plt
 *(.rel.plt)

.rela.plt
 *(.rela.plt)

.text           0x00000000      0xe2a
 *(.vectors)
 .vectors       0x00000000       0x26 c:/winavr-20100110/bin/../lib/gcc/avr/4.3.3/../../../../avr/lib/avr4/crtm8.o
                0x00000000                __vectors
                0x00000000                __vector_default
 *(.vectors)
 *(.progmem.gcc*)
 *(.progmem*)
                0x00000026                . = ALIGN (0x2)
                0x00000026                __trampolines_start = .
 *(.trampolines)
 .trampolines   0x00000026        0x0 linker stubs
 *(.trampolines*)
                0x00000026                __trampolines_end = .
 *(.jumptables)
 *(.jumptables*)
 *(.lowtext)
 *(.lowtext*)
                0x00000026                __ctors_start = .
 *(.ctors)
                0x00000026                __ctors_end = .
                0x00000026                __dtors_start = .
 *(.dtors)
                0x00000026                __dtors_end = .
 SORT(*)(.ctors)
 SORT(*)(.dtors)
 *(.init0)
 .init0         0x00000026        0x0 c:/winavr-20100110/bin/../lib/gcc/avr/4.3.3/../../../../avr/lib/avr4/crtm8.o
                0x00000026                __init
 *(.init0)
 *(.init1)
 *(.init1)
 *(.init2)
 .init2         0x00000026        0xc c:/winavr-20100110/bin/../lib/gcc/avr/4.3.3/../../../../avr/lib/avr4/crtm8.o
 *(.init2)
 *(.init3)
 *(.init3)
 *(.init4)
 .init4         0x00000032       0x16 c:/winavr-20100110/bin/../lib/gcc/avr/4.3.3/avr4\libgcc.a(_copy_data.o)
                0x00000032                __do_copy_data
 .init4         0x00000048       0x10 c:/winavr-20100110/bin/../lib/gcc/avr/4.3.3/avr4\libgcc.a(_clear_bss.o)
                0x00000048                __do_clear_bss
 *(.init4)
 *(.init5)
 *(.init5)
 *(.init6)
 *(.init6)
 *(.init7)
 *(.init7)
 *(.init8)
 *(.init8)
 *(.init9)
 .init9         0x00000058        0x4 c:/winavr-20100110/bin/../lib/gcc/avr/4.3.3/../../../../avr/lib/avr4/crtm8.o
 *(.init9)
 *(.text)
 .text          0x0000005c        0x2 c:/winavr-20100110/bin/../lib/gcc/avr/4.3.3/../../../../avr/lib/avr4/crtm8.o
                0x0000005c                __vector_1
                0x0000005c                __vector_12
                0x0000005c                __bad_interrupt
                0x0000005c                __vector_6
                0x0000005c                __vector_3
                0x0000005c                __vector_11
                0x0000005c                __vector_13
                0x0000005c                __vector_17
                0x0000005c                __vector_7
                0x0000005c                __vector_5
                0x0000005c                __vector_4
                0x0000005c                __vector_9
                0x0000005c                __vector_2
                0x0000005c                __vector_15
                0x0000005c                __vector_8
                0x0000005c                __vector_14
                0x0000005c                __vector_10
                0x0000005c                __vector_16
                0x0000005c                __vector_18
 .text          0x0000005e        0x0 ./main.o
 .text          0x0000005e        0x0 c:/winavr-20100110/bin/../lib/gcc/avr/4.3.3/avr4\libgcc.a(_exit.o)
 .text          0x0000005e        0x0 c:/winavr-20100110/bin/../lib/gcc/avr/4.3.3/avr4\libgcc.a(_copy_data.o)
 .text          0x0000005e        0x0 c:/winavr-20100110/bin/../lib/gcc/avr/4.3.3/avr4\libgcc.a(_clear_bss.o)
                0x0000005e                . = ALIGN (0x2)
 *(.text.*)
 .text.uart_clear
                0x0000005e        0xa ./main.o
                0x0000005e                uart_clear
 .text.check_money
                0x00000068       0x6a ./main.o
                0x00000068                check_money
 .text.send_command
                0x000000d2       0x48 ./main.o
                0x000000d2                send_command
 .text.Set_inhibit
                0x0000011a       0x10 ./main.o
                0x0000011a                Set_inhibit
 .text.check_is_money
                0x0000012a       0x3e ./main.o
                0x0000012a                check_is_money
 .text.Read_buffor_credit_ans
                0x00000168       0x76 ./main.o
                0x00000168                Read_buffor_credit_ans
 .text.Request_coin_id_ans_v16
                0x000001de       0x40 ./main.o
                0x000001de                Request_coin_id_ans_v16
 .text.Request_coin_id_ans_v15
                0x0000021e       0x40 ./main.o
                0x0000021e                Request_coin_id_ans_v15
 .text.Request_coin_id_ans_v14
                0x0000025e       0x40 ./main.o
                0x0000025e                Request_coin_id_ans_v14
 .text.Request_coin_id_ans_v13
                0x0000029e       0x40 ./main.o
                0x0000029e                Request_coin_id_ans_v13
 .text.Request_coin_id_ans_v12
                0x000002de       0x40 ./main.o
                0x000002de                Request_coin_id_ans_v12
 .text.Request_coin_id_ans_v11
                0x0000031e       0x40 ./main.o
                0x0000031e                Request_coin_id_ans_v11
 .text.Request_coin_id_ans_v10
                0x0000035e       0x40 ./main.o
                0x0000035e                Request_coin_id_ans_v10
 .text.Request_coin_id_ans_v9
                0x0000039e       0x40 ./main.o
                0x0000039e                Request_coin_id_ans_v9
 .text.Request_coin_id_ans_v8
                0x000003de       0x40 ./main.o
                0x000003de                Request_coin_id_ans_v8
 .text.Request_coin_id_ans_v7
                0x0000041e       0x40 ./main.o
                0x0000041e                Request_coin_id_ans_v7
 .text.Request_coin_id_ans_v6
                0x0000045e       0x40 ./main.o
                0x0000045e                Request_coin_id_ans_v6
 .text.Request_coin_id_ans_v5
                0x0000049e       0x40 ./main.o
                0x0000049e                Request_coin_id_ans_v5
 .text.Request_coin_id_ans_v4
                0x000004de       0x40 ./main.o
                0x000004de                Request_coin_id_ans_v4
 .text.Request_coin_id_ans_v3
                0x0000051e       0x40 ./main.o
                0x0000051e                Request_coin_id_ans_v3
 .text.Request_coin_id_ans_v2
                0x0000055e       0x40 ./main.o
                0x0000055e                Request_coin_id_ans_v2
 .text.Request_sorter_paths_ans
                0x0000059e       0x32 ./main.o
                0x0000059e                Request_sorter_paths_ans
 .text.Request_coin_id_ans
                0x000005d0       0x40 ./main.o
                0x000005d0                Request_coin_id_ans
 .text.Request_software_version_ans
                0x00000610       0x3e ./main.o
                0x00000610                Request_software_version_ans
 .text.Request_serial_number_ans
                0x0000064e       0x38 ./main.o
                0x0000064e                Request_serial_number_ans
 .text.Reset_device_ans
                0x00000686        0xe ./main.o
                0x00000686                Reset_device_ans
 .text.Request_manufacturer_id_ans
                0x00000694       0x38 ./main.o
                0x00000694                Request_manufacturer_id_ans
 .text.Simple_poll_ans
                0x000006cc        0xe ./main.o
                0x000006cc                Simple_poll_ans
 .text.uart_init
                0x000006da        0xe ./main.o
                0x000006da                uart_init
 .text.uart_putc
                0x000006e8        0x8 ./main.o
                0x000006e8                uart_putc
 .text.uart_ischar
                0x000006f0        0x6 ./main.o
                0x000006f0                uart_ischar
 .text.uart_getc
                0x000006f6        0xc ./main.o
                0x000006f6                uart_getc
 .text.main     0x00000702      0x724 ./main.o
                0x00000702                main
 .text.libgcc   0x00000e26        0x0 c:/winavr-20100110/bin/../lib/gcc/avr/4.3.3/avr4\libgcc.a(_exit.o)
 .text.libgcc   0x00000e26        0x0 c:/winavr-20100110/bin/../lib/gcc/avr/4.3.3/avr4\libgcc.a(_copy_data.o)
 .text.libgcc   0x00000e26        0x0 c:/winavr-20100110/bin/../lib/gcc/avr/4.3.3/avr4\libgcc.a(_clear_bss.o)
                0x00000e26                . = ALIGN (0x2)
 *(.fini9)
 .fini9         0x00000e26        0x0 c:/winavr-20100110/bin/../lib/gcc/avr/4.3.3/avr4\libgcc.a(_exit.o)
                0x00000e26                exit
                0x00000e26                _exit
 *(.fini9)
 *(.fini8)
 *(.fini8)
 *(.fini7)
 *(.fini7)
 *(.fini6)
 *(.fini6)
 *(.fini5)
 *(.fini5)
 *(.fini4)
 *(.fini4)
 *(.fini3)
 *(.fini3)
 *(.fini2)
 *(.fini2)
 *(.fini1)
 *(.fini1)
 *(.fini0)
 .fini0         0x00000e26        0x4 c:/winavr-20100110/bin/../lib/gcc/avr/4.3.3/avr4\libgcc.a(_exit.o)
 *(.fini0)
                0x00000e2a                _etext = .

.data           0x00800060       0x6c load address 0x00000e2a
                0x00800060                PROVIDE (__data_start, .)
 *(.data)
 .data          0x00800060        0x0 c:/winavr-20100110/bin/../lib/gcc/avr/4.3.3/../../../../avr/lib/avr4/crtm8.o
 .data          0x00800060        0x0 ./main.o
 .data          0x00800060        0x0 c:/winavr-20100110/bin/../lib/gcc/avr/4.3.3/avr4\libgcc.a(_exit.o)
 .data          0x00800060        0x0 c:/winavr-20100110/bin/../lib/gcc/avr/4.3.3/avr4\libgcc.a(_copy_data.o)
 .data          0x00800060        0x0 c:/winavr-20100110/bin/../lib/gcc/avr/4.3.3/avr4\libgcc.a(_clear_bss.o)
 *(.data*)
 .data.Inhibit  0x00800060        0x1 ./main.o
                0x00800060                Inhibit
 *(.rodata)
 *(.rodata*)
 .rodata.C.18.1778
                0x00800061        0x6 ./main.o
 .rodata.C.17.1773
                0x00800067        0x6 ./main.o
 .rodata.C.16.1768
                0x0080006d        0x6 ./main.o
 .rodata.C.15.1763
                0x00800073        0x6 ./main.o
 .rodata.C.14.1758
                0x00800079        0x6 ./main.o
 .rodata.C.13.1753
                0x0080007f        0x6 ./main.o
 .rodata.C.12.1748
                0x00800085        0x6 ./main.o
 .rodata.C.11.1743
                0x0080008b        0x6 ./main.o
 .rodata.C.10.1738
                0x00800091        0x6 ./main.o
 .rodata.C.9.1733
                0x00800097        0x6 ./main.o
 .rodata.C.8.1728
                0x0080009d        0x6 ./main.o
 .rodata.C.7.1723
                0x008000a3        0x6 ./main.o
 .rodata.C.6.1718
                0x008000a9        0x6 ./main.o
 .rodata.C.5.1713
                0x008000af        0x6 ./main.o
 .rodata.C.4.1708
                0x008000b5        0x6 ./main.o
 .rodata.C.3.1699
                0x008000bb        0x6 ./main.o
 .rodata.C.2.1694
                0x008000c1        0x5 ./main.o
 .rodata.C.1.1689
                0x008000c6        0x3 ./main.o
 .rodata.C.0.1681
                0x008000c9        0x3 ./main.o
 *(.gnu.linkonce.d*)
                0x008000cc                . = ALIGN (0x2)
                0x008000cc                _edata = .
                0x008000cc                PROVIDE (__data_end, .)

.bss            0x008000cc       0x35
                0x008000cc                PROVIDE (__bss_start, .)
 *(.bss)
 .bss           0x008000cc        0x0 c:/winavr-20100110/bin/../lib/gcc/avr/4.3.3/../../../../avr/lib/avr4/crtm8.o
 .bss           0x008000cc        0x0 ./main.o
 .bss           0x008000cc        0x0 c:/winavr-20100110/bin/../lib/gcc/avr/4.3.3/avr4\libgcc.a(_exit.o)
 .bss           0x008000cc        0x0 c:/winavr-20100110/bin/../lib/gcc/avr/4.3.3/avr4\libgcc.a(_copy_data.o)
 .bss           0x008000cc        0x0 c:/winavr-20100110/bin/../lib/gcc/avr/4.3.3/avr4\libgcc.a(_clear_bss.o)
 *(.bss*)
 .bss.money     0x008000cc        0x1 ./main.o
                0x008000cc                money
 .bss.FL_coin   0x008000cd        0x1 ./main.o
                0x008000cd                FL_coin
 .bss.event     0x008000ce        0x1 ./main.o
                0x008000ce                event
 .bss.res_1A    0x008000cf        0x1 ./main.o
                0x008000cf                res_1A
 .bss.res_1B    0x008000d0        0x1 ./main.o
                0x008000d0                res_1B
 .bss.res_2A    0x008000d1        0x1 ./main.o
                0x008000d1                res_2A
 .bss.res_2B    0x008000d2        0x1 ./main.o
                0x008000d2                res_2B
 .bss.res_3A    0x008000d3        0x1 ./main.o
                0x008000d3                res_3A
 .bss.res_3B    0x008000d4        0x1 ./main.o
                0x008000d4                res_3B
 .bss.res_4A    0x008000d5        0x1 ./main.o
                0x008000d5                res_4A
 .bss.res_4B    0x008000d6        0x1 ./main.o
                0x008000d6                res_4B
 .bss.res_5A    0x008000d7        0x1 ./main.o
                0x008000d7                res_5A
 .bss.res_5B    0x008000d8        0x1 ./main.o
                0x008000d8                res_5B
 *(COMMON)
 COMMON         0x008000d9       0x28 ./main.o
                0x008000d9                data
                0x00800101                PROVIDE (__bss_end, .)
                0x00000e2a                __data_load_start = LOADADDR (.data)
                0x00000e96                __data_load_end = (__data_load_start + SIZEOF (.data))

.noinit         0x00800101        0x0
                0x00800101                PROVIDE (__noinit_start, .)
 *(.noinit*)
                0x00800101                PROVIDE (__noinit_end, .)
                0x00800101                _end = .
                0x00800101                PROVIDE (__heap_start, .)

.eeprom         0x00810000        0x0
 *(.eeprom*)
                0x00810000                __eeprom_end = .

.fuse
 *(.fuse)
 *(.lfuse)
 *(.hfuse)
 *(.efuse)

.lock
 *(.lock*)

.signature
 *(.signature*)

.stab
 *(.stab)

.stabstr
 *(.stabstr)

.stab.excl
 *(.stab.excl)

.stab.exclstr
 *(.stab.exclstr)

.stab.index
 *(.stab.index)

.stab.indexstr
 *(.stab.indexstr)

.comment
 *(.comment)

.debug
 *(.debug)

.line
 *(.line)

.debug_srcinfo
 *(.debug_srcinfo)

.debug_sfnames
 *(.debug_sfnames)

.debug_aranges
 *(.debug_aranges)

.debug_pubnames
 *(.debug_pubnames)

.debug_info
 *(.debug_info)
 *(.gnu.linkonce.wi.*)

.debug_abbrev
 *(.debug_abbrev)

.debug_line
 *(.debug_line)

.debug_frame
 *(.debug_frame)

.debug_str
 *(.debug_str)

.debug_loc
 *(.debug_loc)

.debug_macinfo
 *(.debug_macinfo)
OUTPUT(034_apollo_NRI_Emulacja_NRI_PulsToccTalk_comastero.elf elf32-avr)
LOAD linker stubs
