Archive member included because of file (symbol)

c:/winavr-20100110/bin/../lib/gcc/avr/4.3.3/avr5\libgcc.a(_exit.o)
                              c:/winavr-20100110/bin/../lib/gcc/avr/4.3.3/../../../../avr/lib/avr5/crtm16.o (exit)
c:/winavr-20100110/bin/../lib/gcc/avr/4.3.3/avr5\libgcc.a(_copy_data.o)
                              ./Quizomat.o (__do_copy_data)
c:/winavr-20100110/bin/../lib/gcc/avr/4.3.3/avr5\libgcc.a(_clear_bss.o)
                              ./Quizomat.o (__do_clear_bss)

Allocating common symbols
Common symbol       size              file

com_unlock_Button   0x1               ./Quizomat.o
FLAGA_Send          0x1               ./Quizomat.o
counter_pulses      0x2               ./Quizomat.o
Counter_OUT_10      0x1               ./Quizomat.o
Counter_OUT_1       0x1               ./Quizomat.o
FL_pilotes          0x1               ./Quizomat.o
commandBuffer       0x28              ./Quizomat.o
FL_QUIZ_ON          0x1               ./Quizomat.o
Counter_OUT_25      0x1               ./Quizomat.o
command             0x1               ./Quizomat.o
klik_stawka         0x1               ./Quizomat.o
sended              0x1               ./Quizomat.o
startImpulseTime    0x2               ./Quizomat.o
Counter_IN_2        0x1               ./Quizomat.o
FL_pilot            0x1               ./Quizomat.o
counterTimeout_counter_OUT
                    0x2               ./Quizomat.o
FL_bet              0x1               ./Quizomat.o
counter_pulses_out  0x2               ./Quizomat.o
Counter_IN_10       0x1               ./Quizomat.o
com_disp_ON         0x1               ./Quizomat.o
com_off             0x1               ./Quizomat.o
counterTimeout_counter
                    0x2               ./Quizomat.o
QUIZ_ON             0x1               ./Quizomat.o
Counter_IN_1        0x1               ./Quizomat.o
FL_CARD             0x1               ./Quizomat.o
klik_payout         0x1               ./Quizomat.o
FL_keySwitch        0x1               ./Quizomat.o
FL_TETRIS_ON        0x1               ./Quizomat.o
klik_podglad        0x1               ./Quizomat.o
FL_wyk_byt          0x1               ./Quizomat.o
FL_button           0x1               ./Quizomat.o
startTimeout        0x2               ./Quizomat.o
FL_hold             0x1               ./Quizomat.o
key_switch_clear    0x1               ./Quizomat.o
FL_automatOn        0x1               ./Quizomat.o
com_quiz_start_rules
                    0x1               ./Quizomat.o
com_unlock_HOLD     0x1               ./Quizomat.o
Counter_OUT_5       0x1               ./Quizomat.o
Counter_IN_5        0x1               ./Quizomat.o
FL_payout           0x1               ./Quizomat.o
com_unlock_pay      0x1               ./Quizomat.o
com_Relay_ON        0x1               ./Quizomat.o
com_round           0x1               ./Quizomat.o
receive             0x1               ./Quizomat.o
buffer_size         0x1               ./Quizomat.o
Counter_IN_25       0x1               ./Quizomat.o
FL_counter_in       0x1               ./Quizomat.o
com_add_time_one    0x1               ./Quizomat.o
FL_start            0x1               ./Quizomat.o
com_quiz_on         0x1               ./Quizomat.o
Counter_OUT_2       0x1               ./Quizomat.o
counter_off         0x2               ./Quizomat.o
com_unlock_BET      0x1               ./Quizomat.o
FL_wyk              0x1               ./Quizomat.o
com_switch_on_tetris
                    0x1               ./Quizomat.o
TETRIS_ON           0x1               ./Quizomat.o
FL_wyk_hold         0x1               ./Quizomat.o

Memory Configuration

Name             Origin             Length             Attributes
text             0x00000000         0x00020000         xr
data             0x00800060         0x0000ffa0         rw !x
eeprom           0x00810000         0x00010000         rw !x
fuse             0x00820000         0x00000400         rw !x
lock             0x00830000         0x00000400         rw !x
signature        0x00840000         0x00000400         rw !x
*default*        0x00000000         0xffffffff

Linker script and memory map

LOAD c:/winavr-20100110/bin/../lib/gcc/avr/4.3.3/../../../../avr/lib/avr5/crtm16.o
LOAD ./Quizomat.o
LOAD ./main.o
LOAD c:/winavr-20100110/bin/../lib/gcc/avr/4.3.3/avr5\libgcc.a
LOAD c:/winavr-20100110/bin/../lib/gcc/avr/4.3.3/../../../../avr/lib/avr5\libc.a
LOAD c:/winavr-20100110/bin/../lib/gcc/avr/4.3.3/avr5\libgcc.a

.hash
 *(.hash)

.dynsym
 *(.dynsym)

.dynstr
 *(.dynstr)

.gnu.version
 *(.gnu.version)

.gnu.version_d
 *(.gnu.version_d)

.gnu.version_r
 *(.gnu.version_r)

.rel.init
 *(.rel.init)

.rela.init
 *(.rela.init)

.rel.text
 *(.rel.text)
 *(.rel.text.*)
 *(.rel.gnu.linkonce.t*)

.rela.text
 *(.rela.text)
 *(.rela.text.*)
 *(.rela.gnu.linkonce.t*)

.rel.fini
 *(.rel.fini)

.rela.fini
 *(.rela.fini)

.rel.rodata
 *(.rel.rodata)
 *(.rel.rodata.*)
 *(.rel.gnu.linkonce.r*)

.rela.rodata
 *(.rela.rodata)
 *(.rela.rodata.*)
 *(.rela.gnu.linkonce.r*)

.rel.data
 *(.rel.data)
 *(.rel.data.*)
 *(.rel.gnu.linkonce.d*)

.rela.data
 *(.rela.data)
 *(.rela.data.*)
 *(.rela.gnu.linkonce.d*)

.rel.ctors
 *(.rel.ctors)

.rela.ctors
 *(.rela.ctors)

.rel.dtors
 *(.rel.dtors)

.rela.dtors
 *(.rela.dtors)

.rel.got
 *(.rel.got)

.rela.got
 *(.rela.got)

.rel.bss
 *(.rel.bss)

.rela.bss
 *(.rela.bss)

.rel.plt
 *(.rel.plt)

.rela.plt
 *(.rela.plt)

.text           0x00000000      0xe90
 *(.vectors)
 .vectors       0x00000000       0x54 c:/winavr-20100110/bin/../lib/gcc/avr/4.3.3/../../../../avr/lib/avr5/crtm16.o
                0x00000000                __vectors
                0x00000000                __vector_default
 *(.vectors)
 *(.progmem.gcc*)
 *(.progmem*)
                0x00000054                . = ALIGN (0x2)
                0x00000054                __trampolines_start = .
 *(.trampolines)
 .trampolines   0x00000054        0x0 linker stubs
 *(.trampolines*)
                0x00000054                __trampolines_end = .
 *(.jumptables)
 *(.jumptables*)
 *(.lowtext)
 *(.lowtext*)
                0x00000054                __ctors_start = .
 *(.ctors)
                0x00000054                __ctors_end = .
                0x00000054                __dtors_start = .
 *(.dtors)
                0x00000054                __dtors_end = .
 SORT(*)(.ctors)
 SORT(*)(.dtors)
 *(.init0)
 .init0         0x00000054        0x0 c:/winavr-20100110/bin/../lib/gcc/avr/4.3.3/../../../../avr/lib/avr5/crtm16.o
                0x00000054                __init
 *(.init0)
 *(.init1)
 *(.init1)
 *(.init2)
 .init2         0x00000054        0xc c:/winavr-20100110/bin/../lib/gcc/avr/4.3.3/../../../../avr/lib/avr5/crtm16.o
 *(.init2)
 *(.init3)
 *(.init3)
 *(.init4)
 .init4         0x00000060       0x16 c:/winavr-20100110/bin/../lib/gcc/avr/4.3.3/avr5\libgcc.a(_copy_data.o)
                0x00000060                __do_copy_data
 .init4         0x00000076       0x10 c:/winavr-20100110/bin/../lib/gcc/avr/4.3.3/avr5\libgcc.a(_clear_bss.o)
                0x00000076                __do_clear_bss
 *(.init4)
 *(.init5)
 *(.init5)
 *(.init6)
 *(.init6)
 *(.init7)
 *(.init7)
 *(.init8)
 *(.init8)
 *(.init9)
 .init9         0x00000086        0x8 c:/winavr-20100110/bin/../lib/gcc/avr/4.3.3/../../../../avr/lib/avr5/crtm16.o
 *(.init9)
 *(.text)
 .text          0x0000008e        0x4 c:/winavr-20100110/bin/../lib/gcc/avr/4.3.3/../../../../avr/lib/avr5/crtm16.o
                0x0000008e                __vector_1
                0x0000008e                __vector_12
                0x0000008e                __bad_interrupt
                0x0000008e                __vector_6
                0x0000008e                __vector_3
                0x0000008e                __vector_11
                0x0000008e                __vector_13
                0x0000008e                __vector_17
                0x0000008e                __vector_19
                0x0000008e                __vector_7
                0x0000008e                __vector_5
                0x0000008e                __vector_4
                0x0000008e                __vector_9
                0x0000008e                __vector_2
                0x0000008e                __vector_15
                0x0000008e                __vector_8
                0x0000008e                __vector_14
                0x0000008e                __vector_10
                0x0000008e                __vector_16
                0x0000008e                __vector_18
                0x0000008e                __vector_20
 .text          0x00000092        0x0 ./Quizomat.o
 .text          0x00000092        0x0 ./main.o
 .text          0x00000092        0x0 c:/winavr-20100110/bin/../lib/gcc/avr/4.3.3/avr5\libgcc.a(_exit.o)
 .text          0x00000092        0x0 c:/winavr-20100110/bin/../lib/gcc/avr/4.3.3/avr5\libgcc.a(_copy_data.o)
 .text          0x00000092        0x0 c:/winavr-20100110/bin/../lib/gcc/avr/4.3.3/avr5\libgcc.a(_clear_bss.o)
                0x00000092                . = ALIGN (0x2)
 *(.text.*)
 .text.sendCounterOut
                0x00000092      0x210 ./Quizomat.o
                0x00000092                sendCounterOut
 .text.sendTimeCounter
                0x000002a2      0x26c ./Quizomat.o
                0x000002a2                sendTimeCounter
 .text.SetRelay
                0x0000050e       0x14 ./Quizomat.o
                0x0000050e                SetRelay
 .text.SetDisplay
                0x00000522       0x14 ./Quizomat.o
                0x00000522                SetDisplay
 .text.checkQuizBet
                0x00000536       0x66 ./Quizomat.o
                0x00000536                checkQuizBet
 .text.checkQuizHold
                0x0000059c       0x5a ./Quizomat.o
                0x0000059c                checkQuizHold
 .text.checkQuizButton
                0x000005f6       0x2a ./Quizomat.o
                0x000005f6                checkQuizButton
 .text.checkQuizPayout
                0x00000620       0x6e ./Quizomat.o
                0x00000620                checkQuizPayout
 .text.sendStart
                0x0000068e       0x46 ./Quizomat.o
                0x0000068e                sendStart
 .text.sendKeySwitch
                0x000006d4       0x7a ./Quizomat.o
                0x000006d4                sendKeySwitch
 .text.quizomat
                0x0000074e       0x46 ./Quizomat.o
                0x0000074e                quizomat
 .text.ioInit   0x00000794       0x7e ./main.o
                0x00000794                ioInit
 .text.switchOnPi
                0x00000812       0xee ./main.o
                0x00000812                switchOnPi
 .text.switchOn
                0x00000900       0x6a ./main.o
                0x00000900                switchOn
 .text.endTime  0x0000096a       0x4e ./main.o
                0x0000096a                endTime
 .text.switchOnCard
                0x000009b8       0x80 ./main.o
                0x000009b8                switchOnCard
 .text.sendCommand
                0x00000a38       0xbc ./main.o
                0x00000a38                sendCommand
 .text.receiveCommand
                0x00000af4       0xb2 ./main.o
                0x00000af4                receiveCommand
 .text.settings
                0x00000ba6       0x2c ./main.o
                0x00000ba6                settings
 .text.initSettings
                0x00000bd2       0x78 ./main.o
                0x00000bd2                initSettings
 .text.configurationInit
                0x00000c4a      0x152 ./main.o
                0x00000c4a                configurationInit
 .text.main     0x00000d9c       0xf0 ./main.o
                0x00000d9c                main
 .text.libgcc   0x00000e8c        0x0 c:/winavr-20100110/bin/../lib/gcc/avr/4.3.3/avr5\libgcc.a(_exit.o)
 .text.libgcc   0x00000e8c        0x0 c:/winavr-20100110/bin/../lib/gcc/avr/4.3.3/avr5\libgcc.a(_copy_data.o)
 .text.libgcc   0x00000e8c        0x0 c:/winavr-20100110/bin/../lib/gcc/avr/4.3.3/avr5\libgcc.a(_clear_bss.o)
                0x00000e8c                . = ALIGN (0x2)
 *(.fini9)
 .fini9         0x00000e8c        0x0 c:/winavr-20100110/bin/../lib/gcc/avr/4.3.3/avr5\libgcc.a(_exit.o)
                0x00000e8c                exit
                0x00000e8c                _exit
 *(.fini9)
 *(.fini8)
 *(.fini8)
 *(.fini7)
 *(.fini7)
 *(.fini6)
 *(.fini6)
 *(.fini5)
 *(.fini5)
 *(.fini4)
 *(.fini4)
 *(.fini3)
 *(.fini3)
 *(.fini2)
 *(.fini2)
 *(.fini1)
 *(.fini1)
 *(.fini0)
 .fini0         0x00000e8c        0x4 c:/winavr-20100110/bin/../lib/gcc/avr/4.3.3/avr5\libgcc.a(_exit.o)
 *(.fini0)
                0x00000e90                _etext = .

.data           0x00800060        0x2 load address 0x00000e90
                0x00800060                PROVIDE (__data_start, .)
 *(.data)
 .data          0x00800060        0x0 c:/winavr-20100110/bin/../lib/gcc/avr/4.3.3/../../../../avr/lib/avr5/crtm16.o
 .data          0x00800060        0x0 ./Quizomat.o
 .data          0x00800060        0x0 ./main.o
 .data          0x00800060        0x0 c:/winavr-20100110/bin/../lib/gcc/avr/4.3.3/avr5\libgcc.a(_exit.o)
 .data          0x00800060        0x0 c:/winavr-20100110/bin/../lib/gcc/avr/4.3.3/avr5\libgcc.a(_copy_data.o)
 .data          0x00800060        0x0 c:/winavr-20100110/bin/../lib/gcc/avr/4.3.3/avr5\libgcc.a(_clear_bss.o)
 *(.data*)
 .data.FL_start_rules_counter
                0x00800060        0x1 ./Quizomat.o
                0x00800060                FL_start_rules_counter
 *(.rodata)
 *(.rodata*)
 *(.gnu.linkonce.d*)
                0x00800062                . = ALIGN (0x2)
 *fill*         0x00800061        0x1 00
                0x00800062                _edata = .
                0x00800062                PROVIDE (__data_end, .)

.bss            0x00800062       0x69
                0x00800062                PROVIDE (__bss_start, .)
 *(.bss)
 .bss           0x00800062        0x0 c:/winavr-20100110/bin/../lib/gcc/avr/4.3.3/../../../../avr/lib/avr5/crtm16.o
 .bss           0x00800062        0x0 ./Quizomat.o
 .bss           0x00800062        0x0 ./main.o
 .bss           0x00800062        0x0 c:/winavr-20100110/bin/../lib/gcc/avr/4.3.3/avr5\libgcc.a(_exit.o)
 .bss           0x00800062        0x0 c:/winavr-20100110/bin/../lib/gcc/avr/4.3.3/avr5\libgcc.a(_copy_data.o)
 .bss           0x00800062        0x0 c:/winavr-20100110/bin/../lib/gcc/avr/4.3.3/avr5\libgcc.a(_clear_bss.o)
 *(.bss*)
 .bss.FL_time_counter
                0x00800062        0x1 ./Quizomat.o
                0x00800062                FL_time_counter
 .bss.FL_time_counter_OUT
                0x00800063        0x1 ./Quizomat.o
                0x00800063                FL_time_counter_OUT
 *(COMMON)
 COMMON         0x00800064       0x67 ./Quizomat.o
                0x00800064                com_unlock_Button
                0x00800065                FLAGA_Send
                0x00800066                counter_pulses
                0x00800068                Counter_OUT_10
                0x00800069                Counter_OUT_1
                0x0080006a                FL_pilotes
                0x0080006b                commandBuffer
                0x00800093                FL_QUIZ_ON
                0x00800094                Counter_OUT_25
                0x00800095                command
                0x00800096                klik_stawka
                0x00800097                sended
                0x00800098                startImpulseTime
                0x0080009a                Counter_IN_2
                0x0080009b                FL_pilot
                0x0080009c                counterTimeout_counter_OUT
                0x0080009e                FL_bet
                0x0080009f                counter_pulses_out
                0x008000a1                Counter_IN_10
                0x008000a2                com_disp_ON
                0x008000a3                com_off
                0x008000a4                counterTimeout_counter
                0x008000a6                QUIZ_ON
                0x008000a7                Counter_IN_1
                0x008000a8                FL_CARD
                0x008000a9                klik_payout
                0x008000aa                FL_keySwitch
                0x008000ab                FL_TETRIS_ON
                0x008000ac                klik_podglad
                0x008000ad                FL_wyk_byt
                0x008000ae                FL_button
                0x008000af                startTimeout
                0x008000b1                FL_hold
                0x008000b2                key_switch_clear
                0x008000b3                FL_automatOn
                0x008000b4                com_quiz_start_rules
                0x008000b5                com_unlock_HOLD
                0x008000b6                Counter_OUT_5
                0x008000b7                Counter_IN_5
                0x008000b8                FL_payout
                0x008000b9                com_unlock_pay
                0x008000ba                com_Relay_ON
                0x008000bb                com_round
                0x008000bc                receive
                0x008000bd                buffer_size
                0x008000be                Counter_IN_25
                0x008000bf                FL_counter_in
                0x008000c0                com_add_time_one
                0x008000c1                FL_start
                0x008000c2                com_quiz_on
                0x008000c3                Counter_OUT_2
                0x008000c4                counter_off
                0x008000c6                com_unlock_BET
                0x008000c7                FL_wyk
                0x008000c8                com_switch_on_tetris
                0x008000c9                TETRIS_ON
                0x008000ca                FL_wyk_hold
                0x008000cb                PROVIDE (__bss_end, .)
                0x00000e90                __data_load_start = LOADADDR (.data)
                0x00000e92                __data_load_end = (__data_load_start + SIZEOF (.data))

.noinit         0x008000cb        0x0
                0x008000cb                PROVIDE (__noinit_start, .)
 *(.noinit*)
                0x008000cb                PROVIDE (__noinit_end, .)
                0x008000cb                _end = .
                0x008000cb                PROVIDE (__heap_start, .)

.eeprom         0x00810000        0x0
 *(.eeprom*)
                0x00810000                __eeprom_end = .

.fuse
 *(.fuse)
 *(.lfuse)
 *(.hfuse)
 *(.efuse)

.lock
 *(.lock*)

.signature
 *(.signature*)

.stab
 *(.stab)

.stabstr
 *(.stabstr)

.stab.excl
 *(.stab.excl)

.stab.exclstr
 *(.stab.exclstr)

.stab.index
 *(.stab.index)

.stab.indexstr
 *(.stab.indexstr)

.comment
 *(.comment)

.debug
 *(.debug)

.line
 *(.line)

.debug_srcinfo
 *(.debug_srcinfo)

.debug_sfnames
 *(.debug_sfnames)

.debug_aranges
 *(.debug_aranges)

.debug_pubnames
 *(.debug_pubnames)

.debug_info
 *(.debug_info)
 *(.gnu.linkonce.wi.*)

.debug_abbrev
 *(.debug_abbrev)

.debug_line
 *(.debug_line)

.debug_frame
 *(.debug_frame)

.debug_str
 *(.debug_str)

.debug_loc
 *(.debug_loc)

.debug_macinfo
 *(.debug_macinfo)
OUTPUT(029_quiztetris_7.0.0_warszawa_liczniki_online.elf elf32-avr)
LOAD linker stubs
